###############################################################################
#
# IAR ELF Linker V9.60.2.399/W64 for ARM                  27/May/2026  20:58:06
# Copyright 2007-2024 IAR Systems AB.
#
#    Output file  =
#        D:\proj\cc1101_prj\radio_extender\radio_extender\Exe\emul_line.out
#    Map file     =
#        D:\proj\cc1101_prj\radio_extender\radio_extender\List\emul_line.map
#    Command line =
#        -f
#        D:\proj\cc1101_prj\radio_extender\radio_extender\Exe\emul_line.out.rsp
#        (D:\proj\cc1101_prj\radio_extender\radio_extender\Obj\firmware_5522153464374988555.dir\at32f415_adc.o
#        D:\proj\cc1101_prj\radio_extender\radio_extender\Obj\firmware_5522153464374988555.dir\at32f415_can.o
#        D:\proj\cc1101_prj\radio_extender\radio_extender\Obj\user_8514941877209965082.dir\at32f415_clock.o
#        D:\proj\cc1101_prj\radio_extender\radio_extender\Obj\firmware_5522153464374988555.dir\at32f415_cmp.o
#        D:\proj\cc1101_prj\radio_extender\radio_extender\Obj\firmware_5522153464374988555.dir\at32f415_crc.o
#        D:\proj\cc1101_prj\radio_extender\radio_extender\Obj\firmware_5522153464374988555.dir\at32f415_crm.o
#        D:\proj\cc1101_prj\radio_extender\radio_extender\Obj\firmware_5522153464374988555.dir\at32f415_debug.o
#        D:\proj\cc1101_prj\radio_extender\radio_extender\Obj\firmware_5522153464374988555.dir\at32f415_dma.o
#        D:\proj\cc1101_prj\radio_extender\radio_extender\Obj\firmware_5522153464374988555.dir\at32f415_ertc.o
#        D:\proj\cc1101_prj\radio_extender\radio_extender\Obj\firmware_5522153464374988555.dir\at32f415_exint.o
#        D:\proj\cc1101_prj\radio_extender\radio_extender\Obj\firmware_5522153464374988555.dir\at32f415_flash.o
#        D:\proj\cc1101_prj\radio_extender\radio_extender\Obj\firmware_5522153464374988555.dir\at32f415_gpio.o
#        D:\proj\cc1101_prj\radio_extender\radio_extender\Obj\firmware_5522153464374988555.dir\at32f415_i2c.o
#        D:\proj\cc1101_prj\radio_extender\radio_extender\Obj\user_8514941877209965082.dir\at32f415_int.o
#        D:\proj\cc1101_prj\radio_extender\radio_extender\Obj\firmware_5522153464374988555.dir\at32f415_misc.o
#        D:\proj\cc1101_prj\radio_extender\radio_extender\Obj\firmware_5522153464374988555.dir\at32f415_pwc.o
#        D:\proj\cc1101_prj\radio_extender\radio_extender\Obj\firmware_5522153464374988555.dir\at32f415_sdio.o
#        D:\proj\cc1101_prj\radio_extender\radio_extender\Obj\firmware_5522153464374988555.dir\at32f415_spi.o
#        D:\proj\cc1101_prj\radio_extender\radio_extender\Obj\firmware_5522153464374988555.dir\at32f415_tmr.o
#        D:\proj\cc1101_prj\radio_extender\radio_extender\Obj\firmware_5522153464374988555.dir\at32f415_usart.o
#        D:\proj\cc1101_prj\radio_extender\radio_extender\Obj\firmware_5522153464374988555.dir\at32f415_usb.o
#        D:\proj\cc1101_prj\radio_extender\radio_extender\Obj\firmware_5522153464374988555.dir\at32f415_wdt.o
#        D:\proj\cc1101_prj\radio_extender\radio_extender\Obj\firmware_5522153464374988555.dir\at32f415_wwdt.o
#        D:\proj\cc1101_prj\radio_extender\radio_extender\Obj\bsp_16015383911061377078.dir\bat_brd.o
#        D:\proj\cc1101_prj\radio_extender\radio_extender\Obj\user_8514941877209965082.dir\cc1101.o
#        D:\proj\cc1101_prj\radio_extender\radio_extender\Obj\usbd_class_16939851827128964152.dir\cdc_class.o
#        D:\proj\cc1101_prj\radio_extender\radio_extender\Obj\usbd_class_16939851827128964152.dir\cdc_desc.o
#        D:\proj\cc1101_prj\radio_extender\radio_extender\Obj\user_8514941877209965082.dir\cobs.o
#        D:\proj\cc1101_prj\radio_extender\radio_extender\Obj\user_8514941877209965082.dir\main.o
#        D:\proj\cc1101_prj\radio_extender\radio_extender\Obj\user_8514941877209965082.dir\my_tasks.o
#        D:\proj\cc1101_prj\radio_extender\radio_extender\Obj\user_8514941877209965082.dir\protocol.o
#        D:\proj\cc1101_prj\radio_extender\radio_extender\Obj\bsp_16015383911061377078.dir\retarget.o
#        D:\proj\cc1101_prj\radio_extender\radio_extender\Obj\cmsis_10847856019631765829.dir\startup_at32f415.o
#        D:\proj\cc1101_prj\radio_extender\radio_extender\Obj\cmsis_10847856019631765829.dir\system_at32f415.o
#        D:\proj\cc1101_prj\radio_extender\radio_extender\Obj\user_8514941877209965082.dir\tx_application.o
#        D:\proj\cc1101_prj\radio_extender\radio_extender\Obj\threadx_2513977168360959821.dir\tx_block_allocate.o
#        D:\proj\cc1101_prj\radio_extender\radio_extender\Obj\threadx_2513977168360959821.dir\tx_block_pool_cleanup.o
#        D:\proj\cc1101_prj\radio_extender\radio_extender\Obj\threadx_2513977168360959821.dir\tx_block_pool_create.o
#        D:\proj\cc1101_prj\radio_extender\radio_extender\Obj\threadx_2513977168360959821.dir\tx_block_pool_delete.o
#        D:\proj\cc1101_prj\radio_extender\radio_extender\Obj\threadx_2513977168360959821.dir\tx_block_pool_info_get.o
#        D:\proj\cc1101_prj\radio_extender\radio_extender\Obj\threadx_2513977168360959821.dir\tx_block_pool_initialize.o
#        D:\proj\cc1101_prj\radio_extender\radio_extender\Obj\threadx_2513977168360959821.dir\tx_block_pool_performance_info_get.o
#        D:\proj\cc1101_prj\radio_extender\radio_extender\Obj\threadx_2513977168360959821.dir\tx_block_pool_performance_system_info_get.o
#        D:\proj\cc1101_prj\radio_extender\radio_extender\Obj\threadx_2513977168360959821.dir\tx_block_pool_prioritize.o
#        D:\proj\cc1101_prj\radio_extender\radio_extender\Obj\threadx_2513977168360959821.dir\tx_block_release.o
#        D:\proj\cc1101_prj\radio_extender\radio_extender\Obj\threadx_2513977168360959821.dir\tx_byte_allocate.o
#        D:\proj\cc1101_prj\radio_extender\radio_extender\Obj\threadx_2513977168360959821.dir\tx_byte_pool_cleanup.o
#        D:\proj\cc1101_prj\radio_extender\radio_extender\Obj\threadx_2513977168360959821.dir\tx_byte_pool_create.o
#        D:\proj\cc1101_prj\radio_extender\radio_extender\Obj\threadx_2513977168360959821.dir\tx_byte_pool_delete.o
#        D:\proj\cc1101_prj\radio_extender\radio_extender\Obj\threadx_2513977168360959821.dir\tx_byte_pool_info_get.o
#        D:\proj\cc1101_prj\radio_extender\radio_extender\Obj\threadx_2513977168360959821.dir\tx_byte_pool_initialize.o
#        D:\proj\cc1101_prj\radio_extender\radio_extender\Obj\threadx_2513977168360959821.dir\tx_byte_pool_performance_info_get.o
#        D:\proj\cc1101_prj\radio_extender\radio_extender\Obj\threadx_2513977168360959821.dir\tx_byte_pool_performance_system_info_get.o
#        D:\proj\cc1101_prj\radio_extender\radio_extender\Obj\threadx_2513977168360959821.dir\tx_byte_pool_prioritize.o
#        D:\proj\cc1101_prj\radio_extender\radio_extender\Obj\threadx_2513977168360959821.dir\tx_byte_pool_search.o
#        D:\proj\cc1101_prj\radio_extender\radio_extender\Obj\threadx_2513977168360959821.dir\tx_byte_release.o
#        D:\proj\cc1101_prj\radio_extender\radio_extender\Obj\threadx_2513977168360959821.dir\tx_event_flags_cleanup.o
#        D:\proj\cc1101_prj\radio_extender\radio_extender\Obj\threadx_2513977168360959821.dir\tx_event_flags_create.o
#        D:\proj\cc1101_prj\radio_extender\radio_extender\Obj\threadx_2513977168360959821.dir\tx_event_flags_delete.o
#        D:\proj\cc1101_prj\radio_extender\radio_extender\Obj\threadx_2513977168360959821.dir\tx_event_flags_get.o
#        D:\proj\cc1101_prj\radio_extender\radio_extender\Obj\threadx_2513977168360959821.dir\tx_event_flags_info_get.o
#        D:\proj\cc1101_prj\radio_extender\radio_extender\Obj\threadx_2513977168360959821.dir\tx_event_flags_initialize.o
#        D:\proj\cc1101_prj\radio_extender\radio_extender\Obj\threadx_2513977168360959821.dir\tx_event_flags_performance_info_get.o
#        D:\proj\cc1101_prj\radio_extender\radio_extender\Obj\threadx_2513977168360959821.dir\tx_event_flags_performance_system_info_get.o
#        D:\proj\cc1101_prj\radio_extender\radio_extender\Obj\threadx_2513977168360959821.dir\tx_event_flags_set.o
#        D:\proj\cc1101_prj\radio_extender\radio_extender\Obj\threadx_2513977168360959821.dir\tx_event_flags_set_notify.o
#        D:\proj\cc1101_prj\radio_extender\radio_extender\Obj\threadx_2513977168360959821.dir\tx_iar.o
#        D:\proj\cc1101_prj\radio_extender\radio_extender\Obj\threadx_2513977168360959821.dir\tx_initialize_high_level.o
#        D:\proj\cc1101_prj\radio_extender\radio_extender\Obj\threadx_2513977168360959821.dir\tx_initialize_kernel_enter.o
#        D:\proj\cc1101_prj\radio_extender\radio_extender\Obj\threadx_2513977168360959821.dir\tx_initialize_kernel_setup.o
#        D:\proj\cc1101_prj\radio_extender\radio_extender\Obj\threadx_2513977168360959821.dir\tx_initialize_low_level.o
#        D:\proj\cc1101_prj\radio_extender\radio_extender\Obj\threadx_2513977168360959821.dir\tx_misra.o
#        D:\proj\cc1101_prj\radio_extender\radio_extender\Obj\threadx_2513977168360959821.dir\tx_mutex_cleanup.o
#        D:\proj\cc1101_prj\radio_extender\radio_extender\Obj\threadx_2513977168360959821.dir\tx_mutex_create.o
#        D:\proj\cc1101_prj\radio_extender\radio_extender\Obj\threadx_2513977168360959821.dir\tx_mutex_delete.o
#        D:\proj\cc1101_prj\radio_extender\radio_extender\Obj\threadx_2513977168360959821.dir\tx_mutex_get.o
#        D:\proj\cc1101_prj\radio_extender\radio_extender\Obj\threadx_2513977168360959821.dir\tx_mutex_info_get.o
#        D:\proj\cc1101_prj\radio_extender\radio_extender\Obj\threadx_2513977168360959821.dir\tx_mutex_initialize.o
#        D:\proj\cc1101_prj\radio_extender\radio_extender\Obj\threadx_2513977168360959821.dir\tx_mutex_performance_info_get.o
#        D:\proj\cc1101_prj\radio_extender\radio_extender\Obj\threadx_2513977168360959821.dir\tx_mutex_performance_system_info_get.o
#        D:\proj\cc1101_prj\radio_extender\radio_extender\Obj\threadx_2513977168360959821.dir\tx_mutex_prioritize.o
#        D:\proj\cc1101_prj\radio_extender\radio_extender\Obj\threadx_2513977168360959821.dir\tx_mutex_priority_change.o
#        D:\proj\cc1101_prj\radio_extender\radio_extender\Obj\threadx_2513977168360959821.dir\tx_mutex_put.o
#        D:\proj\cc1101_prj\radio_extender\radio_extender\Obj\threadx_2513977168360959821.dir\tx_queue_cleanup.o
#        D:\proj\cc1101_prj\radio_extender\radio_extender\Obj\threadx_2513977168360959821.dir\tx_queue_create.o
#        D:\proj\cc1101_prj\radio_extender\radio_extender\Obj\threadx_2513977168360959821.dir\tx_queue_delete.o
#        D:\proj\cc1101_prj\radio_extender\radio_extender\Obj\threadx_2513977168360959821.dir\tx_queue_flush.o
#        D:\proj\cc1101_prj\radio_extender\radio_extender\Obj\threadx_2513977168360959821.dir\tx_queue_front_send.o
#        D:\proj\cc1101_prj\radio_extender\radio_extender\Obj\threadx_2513977168360959821.dir\tx_queue_info_get.o
#        D:\proj\cc1101_prj\radio_extender\radio_extender\Obj\threadx_2513977168360959821.dir\tx_queue_initialize.o
#        D:\proj\cc1101_prj\radio_extender\radio_extender\Obj\threadx_2513977168360959821.dir\tx_queue_performance_info_get.o
#        D:\proj\cc1101_prj\radio_extender\radio_extender\Obj\threadx_2513977168360959821.dir\tx_queue_performance_system_info_get.o
#        D:\proj\cc1101_prj\radio_extender\radio_extender\Obj\threadx_2513977168360959821.dir\tx_queue_prioritize.o
#        D:\proj\cc1101_prj\radio_extender\radio_extender\Obj\threadx_2513977168360959821.dir\tx_queue_receive.o
#        D:\proj\cc1101_prj\radio_extender\radio_extender\Obj\threadx_2513977168360959821.dir\tx_queue_send.o
#        D:\proj\cc1101_prj\radio_extender\radio_extender\Obj\threadx_2513977168360959821.dir\tx_queue_send_notify.o
#        D:\proj\cc1101_prj\radio_extender\radio_extender\Obj\threadx_2513977168360959821.dir\tx_semaphore_ceiling_put.o
#        D:\proj\cc1101_prj\radio_extender\radio_extender\Obj\threadx_2513977168360959821.dir\tx_semaphore_cleanup.o
#        D:\proj\cc1101_prj\radio_extender\radio_extender\Obj\threadx_2513977168360959821.dir\tx_semaphore_create.o
#        D:\proj\cc1101_prj\radio_extender\radio_extender\Obj\threadx_2513977168360959821.dir\tx_semaphore_delete.o
#        D:\proj\cc1101_prj\radio_extender\radio_extender\Obj\threadx_2513977168360959821.dir\tx_semaphore_get.o
#        D:\proj\cc1101_prj\radio_extender\radio_extender\Obj\threadx_2513977168360959821.dir\tx_semaphore_info_get.o
#        D:\proj\cc1101_prj\radio_extender\radio_extender\Obj\threadx_2513977168360959821.dir\tx_semaphore_initialize.o
#        D:\proj\cc1101_prj\radio_extender\radio_extender\Obj\threadx_2513977168360959821.dir\tx_semaphore_performance_info_get.o
#        D:\proj\cc1101_prj\radio_extender\radio_extender\Obj\threadx_2513977168360959821.dir\tx_semaphore_performance_system_info_get.o
#        D:\proj\cc1101_prj\radio_extender\radio_extender\Obj\threadx_2513977168360959821.dir\tx_semaphore_prioritize.o
#        D:\proj\cc1101_prj\radio_extender\radio_extender\Obj\threadx_2513977168360959821.dir\tx_semaphore_put.o
#        D:\proj\cc1101_prj\radio_extender\radio_extender\Obj\threadx_2513977168360959821.dir\tx_semaphore_put_notify.o
#        D:\proj\cc1101_prj\radio_extender\radio_extender\Obj\user_8514941877209965082.dir\tx_systick_config.o
#        D:\proj\cc1101_prj\radio_extender\radio_extender\Obj\threadx_2513977168360959821.dir\tx_thread_context_restore.o
#        D:\proj\cc1101_prj\radio_extender\radio_extender\Obj\threadx_2513977168360959821.dir\tx_thread_context_save.o
#        D:\proj\cc1101_prj\radio_extender\radio_extender\Obj\threadx_2513977168360959821.dir\tx_thread_create.o
#        D:\proj\cc1101_prj\radio_extender\radio_extender\Obj\threadx_2513977168360959821.dir\tx_thread_delete.o
#        D:\proj\cc1101_prj\radio_extender\radio_extender\Obj\threadx_2513977168360959821.dir\tx_thread_entry_exit_notify.o
#        D:\proj\cc1101_prj\radio_extender\radio_extender\Obj\threadx_2513977168360959821.dir\tx_thread_identify.o
#        D:\proj\cc1101_prj\radio_extender\radio_extender\Obj\threadx_2513977168360959821.dir\tx_thread_info_get.o
#        D:\proj\cc1101_prj\radio_extender\radio_extender\Obj\threadx_2513977168360959821.dir\tx_thread_initialize.o
#        D:\proj\cc1101_prj\radio_extender\radio_extender\Obj\threadx_2513977168360959821.dir\tx_thread_interrupt_control.o
#        D:\proj\cc1101_prj\radio_extender\radio_extender\Obj\threadx_2513977168360959821.dir\tx_thread_interrupt_disable.o
#        D:\proj\cc1101_prj\radio_extender\radio_extender\Obj\threadx_2513977168360959821.dir\tx_thread_interrupt_restore.o
#        D:\proj\cc1101_prj\radio_extender\radio_extender\Obj\threadx_2513977168360959821.dir\tx_thread_performance_info_get.o
#        D:\proj\cc1101_prj\radio_extender\radio_extender\Obj\threadx_2513977168360959821.dir\tx_thread_performance_system_info_get.o
#        D:\proj\cc1101_prj\radio_extender\radio_extender\Obj\threadx_2513977168360959821.dir\tx_thread_preemption_change.o
#        D:\proj\cc1101_prj\radio_extender\radio_extender\Obj\threadx_2513977168360959821.dir\tx_thread_priority_change.o
#        D:\proj\cc1101_prj\radio_extender\radio_extender\Obj\threadx_2513977168360959821.dir\tx_thread_relinquish.o
#        D:\proj\cc1101_prj\radio_extender\radio_extender\Obj\threadx_2513977168360959821.dir\tx_thread_reset.o
#        D:\proj\cc1101_prj\radio_extender\radio_extender\Obj\threadx_2513977168360959821.dir\tx_thread_resume.o
#        D:\proj\cc1101_prj\radio_extender\radio_extender\Obj\threadx_2513977168360959821.dir\tx_thread_schedule.o
#        D:\proj\cc1101_prj\radio_extender\radio_extender\Obj\threadx_2513977168360959821.dir\tx_thread_shell_entry.o
#        D:\proj\cc1101_prj\radio_extender\radio_extender\Obj\threadx_2513977168360959821.dir\tx_thread_sleep.o
#        D:\proj\cc1101_prj\radio_extender\radio_extender\Obj\threadx_2513977168360959821.dir\tx_thread_stack_analyze.o
#        D:\proj\cc1101_prj\radio_extender\radio_extender\Obj\threadx_2513977168360959821.dir\tx_thread_stack_build.o
#        D:\proj\cc1101_prj\radio_extender\radio_extender\Obj\threadx_2513977168360959821.dir\tx_thread_stack_error_handler.o
#        D:\proj\cc1101_prj\radio_extender\radio_extender\Obj\threadx_2513977168360959821.dir\tx_thread_stack_error_notify.o
#        D:\proj\cc1101_prj\radio_extender\radio_extender\Obj\threadx_2513977168360959821.dir\tx_thread_suspend.o
#        D:\proj\cc1101_prj\radio_extender\radio_extender\Obj\threadx_2513977168360959821.dir\tx_thread_system_preempt_check.o
#        D:\proj\cc1101_prj\radio_extender\radio_extender\Obj\threadx_2513977168360959821.dir\tx_thread_system_resume.o
#        D:\proj\cc1101_prj\radio_extender\radio_extender\Obj\threadx_2513977168360959821.dir\tx_thread_system_return.o
#        D:\proj\cc1101_prj\radio_extender\radio_extender\Obj\threadx_2513977168360959821.dir\tx_thread_system_suspend.o
#        D:\proj\cc1101_prj\radio_extender\radio_extender\Obj\threadx_2513977168360959821.dir\tx_thread_terminate.o
#        D:\proj\cc1101_prj\radio_extender\radio_extender\Obj\threadx_2513977168360959821.dir\tx_thread_time_slice.o
#        D:\proj\cc1101_prj\radio_extender\radio_extender\Obj\threadx_2513977168360959821.dir\tx_thread_time_slice_change.o
#        D:\proj\cc1101_prj\radio_extender\radio_extender\Obj\threadx_2513977168360959821.dir\tx_thread_timeout.o
#        D:\proj\cc1101_prj\radio_extender\radio_extender\Obj\threadx_2513977168360959821.dir\tx_thread_wait_abort.o
#        D:\proj\cc1101_prj\radio_extender\radio_extender\Obj\threadx_2513977168360959821.dir\tx_time_get.o
#        D:\proj\cc1101_prj\radio_extender\radio_extender\Obj\threadx_2513977168360959821.dir\tx_time_set.o
#        D:\proj\cc1101_prj\radio_extender\radio_extender\Obj\threadx_2513977168360959821.dir\tx_timer_activate.o
#        D:\proj\cc1101_prj\radio_extender\radio_extender\Obj\threadx_2513977168360959821.dir\tx_timer_change.o
#        D:\proj\cc1101_prj\radio_extender\radio_extender\Obj\threadx_2513977168360959821.dir\tx_timer_create.o
#        D:\proj\cc1101_prj\radio_extender\radio_extender\Obj\threadx_2513977168360959821.dir\tx_timer_deactivate.o
#        D:\proj\cc1101_prj\radio_extender\radio_extender\Obj\threadx_2513977168360959821.dir\tx_timer_delete.o
#        D:\proj\cc1101_prj\radio_extender\radio_extender\Obj\threadx_2513977168360959821.dir\tx_timer_expiration_process.o
#        D:\proj\cc1101_prj\radio_extender\radio_extender\Obj\threadx_2513977168360959821.dir\tx_timer_info_get.o
#        D:\proj\cc1101_prj\radio_extender\radio_extender\Obj\threadx_2513977168360959821.dir\tx_timer_initialize.o
#        D:\proj\cc1101_prj\radio_extender\radio_extender\Obj\threadx_2513977168360959821.dir\tx_timer_interrupt.o
#        D:\proj\cc1101_prj\radio_extender\radio_extender\Obj\threadx_2513977168360959821.dir\tx_timer_performance_info_get.o
#        D:\proj\cc1101_prj\radio_extender\radio_extender\Obj\threadx_2513977168360959821.dir\tx_timer_performance_system_info_get.o
#        D:\proj\cc1101_prj\radio_extender\radio_extender\Obj\threadx_2513977168360959821.dir\tx_timer_system_activate.o
#        D:\proj\cc1101_prj\radio_extender\radio_extender\Obj\threadx_2513977168360959821.dir\tx_timer_system_deactivate.o
#        D:\proj\cc1101_prj\radio_extender\radio_extender\Obj\threadx_2513977168360959821.dir\tx_timer_thread_entry.o
#        D:\proj\cc1101_prj\radio_extender\radio_extender\Obj\threadx_2513977168360959821.dir\tx_trace_buffer_full_notify.o
#        D:\proj\cc1101_prj\radio_extender\radio_extender\Obj\threadx_2513977168360959821.dir\tx_trace_disable.o
#        D:\proj\cc1101_prj\radio_extender\radio_extender\Obj\threadx_2513977168360959821.dir\tx_trace_enable.o
#        D:\proj\cc1101_prj\radio_extender\radio_extender\Obj\threadx_2513977168360959821.dir\tx_trace_event_filter.o
#        D:\proj\cc1101_prj\radio_extender\radio_extender\Obj\threadx_2513977168360959821.dir\tx_trace_event_unfilter.o
#        D:\proj\cc1101_prj\radio_extender\radio_extender\Obj\threadx_2513977168360959821.dir\tx_trace_initialize.o
#        D:\proj\cc1101_prj\radio_extender\radio_extender\Obj\threadx_2513977168360959821.dir\tx_trace_interrupt_control.o
#        D:\proj\cc1101_prj\radio_extender\radio_extender\Obj\threadx_2513977168360959821.dir\tx_trace_isr_enter_insert.o
#        D:\proj\cc1101_prj\radio_extender\radio_extender\Obj\threadx_2513977168360959821.dir\tx_trace_isr_exit_insert.o
#        D:\proj\cc1101_prj\radio_extender\radio_extender\Obj\threadx_2513977168360959821.dir\tx_trace_object_register.o
#        D:\proj\cc1101_prj\radio_extender\radio_extender\Obj\threadx_2513977168360959821.dir\tx_trace_object_unregister.o
#        D:\proj\cc1101_prj\radio_extender\radio_extender\Obj\threadx_2513977168360959821.dir\tx_trace_user_event_insert.o
#        D:\proj\cc1101_prj\radio_extender\radio_extender\Obj\threadx_2513977168360959821.dir\txe_block_allocate.o
#        D:\proj\cc1101_prj\radio_extender\radio_extender\Obj\threadx_2513977168360959821.dir\txe_block_pool_create.o
#        D:\proj\cc1101_prj\radio_extender\radio_extender\Obj\threadx_2513977168360959821.dir\txe_block_pool_delete.o
#        D:\proj\cc1101_prj\radio_extender\radio_extender\Obj\threadx_2513977168360959821.dir\txe_block_pool_info_get.o
#        D:\proj\cc1101_prj\radio_extender\radio_extender\Obj\threadx_2513977168360959821.dir\txe_block_pool_prioritize.o
#        D:\proj\cc1101_prj\radio_extender\radio_extender\Obj\threadx_2513977168360959821.dir\txe_block_release.o
#        D:\proj\cc1101_prj\radio_extender\radio_extender\Obj\threadx_2513977168360959821.dir\txe_byte_allocate.o
#        D:\proj\cc1101_prj\radio_extender\radio_extender\Obj\threadx_2513977168360959821.dir\txe_byte_pool_create.o
#        D:\proj\cc1101_prj\radio_extender\radio_extender\Obj\threadx_2513977168360959821.dir\txe_byte_pool_delete.o
#        D:\proj\cc1101_prj\radio_extender\radio_extender\Obj\threadx_2513977168360959821.dir\txe_byte_pool_info_get.o
#        D:\proj\cc1101_prj\radio_extender\radio_extender\Obj\threadx_2513977168360959821.dir\txe_byte_pool_prioritize.o
#        D:\proj\cc1101_prj\radio_extender\radio_extender\Obj\threadx_2513977168360959821.dir\txe_byte_release.o
#        D:\proj\cc1101_prj\radio_extender\radio_extender\Obj\threadx_2513977168360959821.dir\txe_event_flags_create.o
#        D:\proj\cc1101_prj\radio_extender\radio_extender\Obj\threadx_2513977168360959821.dir\txe_event_flags_delete.o
#        D:\proj\cc1101_prj\radio_extender\radio_extender\Obj\threadx_2513977168360959821.dir\txe_event_flags_get.o
#        D:\proj\cc1101_prj\radio_extender\radio_extender\Obj\threadx_2513977168360959821.dir\txe_event_flags_info_get.o
#        D:\proj\cc1101_prj\radio_extender\radio_extender\Obj\threadx_2513977168360959821.dir\txe_event_flags_set.o
#        D:\proj\cc1101_prj\radio_extender\radio_extender\Obj\threadx_2513977168360959821.dir\txe_event_flags_set_notify.o
#        D:\proj\cc1101_prj\radio_extender\radio_extender\Obj\threadx_2513977168360959821.dir\txe_mutex_create.o
#        D:\proj\cc1101_prj\radio_extender\radio_extender\Obj\threadx_2513977168360959821.dir\txe_mutex_delete.o
#        D:\proj\cc1101_prj\radio_extender\radio_extender\Obj\threadx_2513977168360959821.dir\txe_mutex_get.o
#        D:\proj\cc1101_prj\radio_extender\radio_extender\Obj\threadx_2513977168360959821.dir\txe_mutex_info_get.o
#        D:\proj\cc1101_prj\radio_extender\radio_extender\Obj\threadx_2513977168360959821.dir\txe_mutex_prioritize.o
#        D:\proj\cc1101_prj\radio_extender\radio_extender\Obj\threadx_2513977168360959821.dir\txe_mutex_put.o
#        D:\proj\cc1101_prj\radio_extender\radio_extender\Obj\threadx_2513977168360959821.dir\txe_queue_create.o
#        D:\proj\cc1101_prj\radio_extender\radio_extender\Obj\threadx_2513977168360959821.dir\txe_queue_delete.o
#        D:\proj\cc1101_prj\radio_extender\radio_extender\Obj\threadx_2513977168360959821.dir\txe_queue_flush.o
#        D:\proj\cc1101_prj\radio_extender\radio_extender\Obj\threadx_2513977168360959821.dir\txe_queue_front_send.o
#        D:\proj\cc1101_prj\radio_extender\radio_extender\Obj\threadx_2513977168360959821.dir\txe_queue_info_get.o
#        D:\proj\cc1101_prj\radio_extender\radio_extender\Obj\threadx_2513977168360959821.dir\txe_queue_prioritize.o
#        D:\proj\cc1101_prj\radio_extender\radio_extender\Obj\threadx_2513977168360959821.dir\txe_queue_receive.o
#        D:\proj\cc1101_prj\radio_extender\radio_extender\Obj\threadx_2513977168360959821.dir\txe_queue_send.o
#        D:\proj\cc1101_prj\radio_extender\radio_extender\Obj\threadx_2513977168360959821.dir\txe_queue_send_notify.o
#        D:\proj\cc1101_prj\radio_extender\radio_extender\Obj\threadx_2513977168360959821.dir\txe_semaphore_ceiling_put.o
#        D:\proj\cc1101_prj\radio_extender\radio_extender\Obj\threadx_2513977168360959821.dir\txe_semaphore_create.o
#        D:\proj\cc1101_prj\radio_extender\radio_extender\Obj\threadx_2513977168360959821.dir\txe_semaphore_delete.o
#        D:\proj\cc1101_prj\radio_extender\radio_extender\Obj\threadx_2513977168360959821.dir\txe_semaphore_get.o
#        D:\proj\cc1101_prj\radio_extender\radio_extender\Obj\threadx_2513977168360959821.dir\txe_semaphore_info_get.o
#        D:\proj\cc1101_prj\radio_extender\radio_extender\Obj\threadx_2513977168360959821.dir\txe_semaphore_prioritize.o
#        D:\proj\cc1101_prj\radio_extender\radio_extender\Obj\threadx_2513977168360959821.dir\txe_semaphore_put.o
#        D:\proj\cc1101_prj\radio_extender\radio_extender\Obj\threadx_2513977168360959821.dir\txe_semaphore_put_notify.o
#        D:\proj\cc1101_prj\radio_extender\radio_extender\Obj\threadx_2513977168360959821.dir\txe_thread_create.o
#        D:\proj\cc1101_prj\radio_extender\radio_extender\Obj\threadx_2513977168360959821.dir\txe_thread_delete.o
#        D:\proj\cc1101_prj\radio_extender\radio_extender\Obj\threadx_2513977168360959821.dir\txe_thread_entry_exit_notify.o
#        D:\proj\cc1101_prj\radio_extender\radio_extender\Obj\threadx_2513977168360959821.dir\txe_thread_info_get.o
#        D:\proj\cc1101_prj\radio_extender\radio_extender\Obj\threadx_2513977168360959821.dir\txe_thread_preemption_change.o
#        D:\proj\cc1101_prj\radio_extender\radio_extender\Obj\threadx_2513977168360959821.dir\txe_thread_priority_change.o
#        D:\proj\cc1101_prj\radio_extender\radio_extender\Obj\threadx_2513977168360959821.dir\txe_thread_relinquish.o
#        D:\proj\cc1101_prj\radio_extender\radio_extender\Obj\threadx_2513977168360959821.dir\txe_thread_reset.o
#        D:\proj\cc1101_prj\radio_extender\radio_extender\Obj\threadx_2513977168360959821.dir\txe_thread_resume.o
#        D:\proj\cc1101_prj\radio_extender\radio_extender\Obj\threadx_2513977168360959821.dir\txe_thread_suspend.o
#        D:\proj\cc1101_prj\radio_extender\radio_extender\Obj\threadx_2513977168360959821.dir\txe_thread_terminate.o
#        D:\proj\cc1101_prj\radio_extender\radio_extender\Obj\threadx_2513977168360959821.dir\txe_thread_time_slice_change.o
#        D:\proj\cc1101_prj\radio_extender\radio_extender\Obj\threadx_2513977168360959821.dir\txe_thread_wait_abort.o
#        D:\proj\cc1101_prj\radio_extender\radio_extender\Obj\threadx_2513977168360959821.dir\txe_timer_activate.o
#        D:\proj\cc1101_prj\radio_extender\radio_extender\Obj\threadx_2513977168360959821.dir\txe_timer_change.o
#        D:\proj\cc1101_prj\radio_extender\radio_extender\Obj\threadx_2513977168360959821.dir\txe_timer_create.o
#        D:\proj\cc1101_prj\radio_extender\radio_extender\Obj\threadx_2513977168360959821.dir\txe_timer_deactivate.o
#        D:\proj\cc1101_prj\radio_extender\radio_extender\Obj\threadx_2513977168360959821.dir\txe_timer_delete.o
#        D:\proj\cc1101_prj\radio_extender\radio_extender\Obj\threadx_2513977168360959821.dir\txe_timer_info_get.o
#        D:\proj\cc1101_prj\radio_extender\radio_extender\Obj\bsp_16015383911061377078.dir\uart.o
#        D:\proj\cc1101_prj\radio_extender\radio_extender\Obj\usbd_driver_508819642173202916.dir\usb_core.o
#        D:\proj\cc1101_prj\radio_extender\radio_extender\Obj\user_8514941877209965082.dir\usb_thr.o
#        D:\proj\cc1101_prj\radio_extender\radio_extender\Obj\usbd_driver_508819642173202916.dir\usbd_core.o
#        D:\proj\cc1101_prj\radio_extender\radio_extender\Obj\usbd_driver_508819642173202916.dir\usbd_int.o
#        D:\proj\cc1101_prj\radio_extender\radio_extender\Obj\usbd_driver_508819642173202916.dir\usbd_sdr.o
#        D:\proj\cc1101_prj\radio_extender\radio_extender\Obj\usbx_16887682971491423727.dir\usbd_usbx_class.o
#        D:\proj\cc1101_prj\radio_extender\radio_extender\Obj\usbx_16887682971491423727.dir\usbx_app.o
#        D:\proj\cc1101_prj\radio_extender\radio_extender\Obj\usbx_16887682971491423727.dir\usbx_cdc.o
#        D:\proj\cc1101_prj\radio_extender\radio_extender\Obj\usbx_16887682971491423727.dir\usbx_descriptors.o
#        D:\proj\cc1101_prj\radio_extender\radio_extender\Obj\usbx_16887682971491423727.dir\ux_dcd_at32.o
#        D:\proj\cc1101_prj\radio_extender\radio_extender\Obj\usbx_16887682971491423727.dir\ux_device_class_cdc_acm_activate.o
#        D:\proj\cc1101_prj\radio_extender\radio_extender\Obj\usbx_16887682971491423727.dir\ux_device_class_cdc_acm_bulkin_thread.o
#        D:\proj\cc1101_prj\radio_extender\radio_extender\Obj\usbx_16887682971491423727.dir\ux_device_class_cdc_acm_bulkout_thread.o
#        D:\proj\cc1101_prj\radio_extender\radio_extender\Obj\usbx_16887682971491423727.dir\ux_device_class_cdc_acm_control_request.o
#        D:\proj\cc1101_prj\radio_extender\radio_extender\Obj\usbx_16887682971491423727.dir\ux_device_class_cdc_acm_deactivate.o
#        D:\proj\cc1101_prj\radio_extender\radio_extender\Obj\usbx_16887682971491423727.dir\ux_device_class_cdc_acm_entry.o
#        D:\proj\cc1101_prj\radio_extender\radio_extender\Obj\usbx_16887682971491423727.dir\ux_device_class_cdc_acm_initialize.o
#        D:\proj\cc1101_prj\radio_extender\radio_extender\Obj\usbx_16887682971491423727.dir\ux_device_class_cdc_acm_ioctl.o
#        D:\proj\cc1101_prj\radio_extender\radio_extender\Obj\usbx_16887682971491423727.dir\ux_device_class_cdc_acm_read.o
#        D:\proj\cc1101_prj\radio_extender\radio_extender\Obj\usbx_16887682971491423727.dir\ux_device_class_cdc_acm_tasks_run.o
#        D:\proj\cc1101_prj\radio_extender\radio_extender\Obj\usbx_16887682971491423727.dir\ux_device_class_cdc_acm_unitialize.o
#        D:\proj\cc1101_prj\radio_extender\radio_extender\Obj\usbx_16887682971491423727.dir\ux_device_class_cdc_acm_write.o
#        D:\proj\cc1101_prj\radio_extender\radio_extender\Obj\usbx_16887682971491423727.dir\ux_device_stack_alternate_setting_get.o
#        D:\proj\cc1101_prj\radio_extender\radio_extender\Obj\usbx_16887682971491423727.dir\ux_device_stack_alternate_setting_set.o
#        D:\proj\cc1101_prj\radio_extender\radio_extender\Obj\usbx_16887682971491423727.dir\ux_device_stack_class_register.o
#        D:\proj\cc1101_prj\radio_extender\radio_extender\Obj\usbx_16887682971491423727.dir\ux_device_stack_class_unregister.o
#        D:\proj\cc1101_prj\radio_extender\radio_extender\Obj\usbx_16887682971491423727.dir\ux_device_stack_clear_feature.o
#        D:\proj\cc1101_prj\radio_extender\radio_extender\Obj\usbx_16887682971491423727.dir\ux_device_stack_configuration_get.o
#        D:\proj\cc1101_prj\radio_extender\radio_extender\Obj\usbx_16887682971491423727.dir\ux_device_stack_configuration_set.o
#        D:\proj\cc1101_prj\radio_extender\radio_extender\Obj\usbx_16887682971491423727.dir\ux_device_stack_control_request_process.o
#        D:\proj\cc1101_prj\radio_extender\radio_extender\Obj\usbx_16887682971491423727.dir\ux_device_stack_descriptor_send.o
#        D:\proj\cc1101_prj\radio_extender\radio_extender\Obj\usbx_16887682971491423727.dir\ux_device_stack_disconnect.o
#        D:\proj\cc1101_prj\radio_extender\radio_extender\Obj\usbx_16887682971491423727.dir\ux_device_stack_endpoint_stall.o
#        D:\proj\cc1101_prj\radio_extender\radio_extender\Obj\usbx_16887682971491423727.dir\ux_device_stack_get_status.o
#        D:\proj\cc1101_prj\radio_extender\radio_extender\Obj\usbx_16887682971491423727.dir\ux_device_stack_initialize.o
#        D:\proj\cc1101_prj\radio_extender\radio_extender\Obj\usbx_16887682971491423727.dir\ux_device_stack_interface_delete.o
#        D:\proj\cc1101_prj\radio_extender\radio_extender\Obj\usbx_16887682971491423727.dir\ux_device_stack_interface_get.o
#        D:\proj\cc1101_prj\radio_extender\radio_extender\Obj\usbx_16887682971491423727.dir\ux_device_stack_interface_set.o
#        D:\proj\cc1101_prj\radio_extender\radio_extender\Obj\usbx_16887682971491423727.dir\ux_device_stack_interface_start.o
#        D:\proj\cc1101_prj\radio_extender\radio_extender\Obj\usbx_16887682971491423727.dir\ux_device_stack_set_feature.o
#        D:\proj\cc1101_prj\radio_extender\radio_extender\Obj\usbx_16887682971491423727.dir\ux_device_stack_tasks_run.o
#        D:\proj\cc1101_prj\radio_extender\radio_extender\Obj\usbx_16887682971491423727.dir\ux_device_stack_transfer_abort.o
#        D:\proj\cc1101_prj\radio_extender\radio_extender\Obj\usbx_16887682971491423727.dir\ux_device_stack_transfer_all_request_abort.o
#        D:\proj\cc1101_prj\radio_extender\radio_extender\Obj\usbx_16887682971491423727.dir\ux_device_stack_transfer_request.o
#        D:\proj\cc1101_prj\radio_extender\radio_extender\Obj\usbx_16887682971491423727.dir\ux_device_stack_transfer_run.o
#        D:\proj\cc1101_prj\radio_extender\radio_extender\Obj\usbx_16887682971491423727.dir\ux_device_stack_uninitialize.o
#        D:\proj\cc1101_prj\radio_extender\radio_extender\Obj\usbx_16887682971491423727.dir\ux_system_error_handler.o
#        D:\proj\cc1101_prj\radio_extender\radio_extender\Obj\usbx_16887682971491423727.dir\ux_system_initialize.o
#        D:\proj\cc1101_prj\radio_extender\radio_extender\Obj\usbx_16887682971491423727.dir\ux_system_tasks_run.o
#        D:\proj\cc1101_prj\radio_extender\radio_extender\Obj\usbx_16887682971491423727.dir\ux_system_uninitialize.o
#        D:\proj\cc1101_prj\radio_extender\radio_extender\Obj\usbx_16887682971491423727.dir\ux_utility_delay_ms.o
#        D:\proj\cc1101_prj\radio_extender\radio_extender\Obj\usbx_16887682971491423727.dir\ux_utility_descriptor_pack.o
#        D:\proj\cc1101_prj\radio_extender\radio_extender\Obj\usbx_16887682971491423727.dir\ux_utility_descriptor_parse.o
#        D:\proj\cc1101_prj\radio_extender\radio_extender\Obj\usbx_16887682971491423727.dir\ux_utility_event_flags_create.o
#        D:\proj\cc1101_prj\radio_extender\radio_extender\Obj\usbx_16887682971491423727.dir\ux_utility_event_flags_delete.o
#        D:\proj\cc1101_prj\radio_extender\radio_extender\Obj\usbx_16887682971491423727.dir\ux_utility_event_flags_get.o
#        D:\proj\cc1101_prj\radio_extender\radio_extender\Obj\usbx_16887682971491423727.dir\ux_utility_event_flags_set.o
#        D:\proj\cc1101_prj\radio_extender\radio_extender\Obj\usbx_16887682971491423727.dir\ux_utility_long_get.o
#        D:\proj\cc1101_prj\radio_extender\radio_extender\Obj\usbx_16887682971491423727.dir\ux_utility_long_put.o
#        D:\proj\cc1101_prj\radio_extender\radio_extender\Obj\usbx_16887682971491423727.dir\ux_utility_memory_allocate.o
#        D:\proj\cc1101_prj\radio_extender\radio_extender\Obj\usbx_16887682971491423727.dir\ux_utility_memory_allocate_mulc_safe.o
#        D:\proj\cc1101_prj\radio_extender\radio_extender\Obj\usbx_16887682971491423727.dir\ux_utility_memory_compare.o
#        D:\proj\cc1101_prj\radio_extender\radio_extender\Obj\usbx_16887682971491423727.dir\ux_utility_memory_copy.o
#        D:\proj\cc1101_prj\radio_extender\radio_extender\Obj\usbx_16887682971491423727.dir\ux_utility_memory_free.o
#        D:\proj\cc1101_prj\radio_extender\radio_extender\Obj\usbx_16887682971491423727.dir\ux_utility_memory_free_block_best_get.o
#        D:\proj\cc1101_prj\radio_extender\radio_extender\Obj\usbx_16887682971491423727.dir\ux_utility_memory_set.o
#        D:\proj\cc1101_prj\radio_extender\radio_extender\Obj\usbx_16887682971491423727.dir\ux_utility_mutex_create.o
#        D:\proj\cc1101_prj\radio_extender\radio_extender\Obj\usbx_16887682971491423727.dir\ux_utility_mutex_delete.o
#        D:\proj\cc1101_prj\radio_extender\radio_extender\Obj\usbx_16887682971491423727.dir\ux_utility_mutex_off.o
#        D:\proj\cc1101_prj\radio_extender\radio_extender\Obj\usbx_16887682971491423727.dir\ux_utility_mutex_on.o
#        D:\proj\cc1101_prj\radio_extender\radio_extender\Obj\usbx_16887682971491423727.dir\ux_utility_semaphore_create.o
#        D:\proj\cc1101_prj\radio_extender\radio_extender\Obj\usbx_16887682971491423727.dir\ux_utility_semaphore_delete.o
#        D:\proj\cc1101_prj\radio_extender\radio_extender\Obj\usbx_16887682971491423727.dir\ux_utility_semaphore_get.o
#        D:\proj\cc1101_prj\radio_extender\radio_extender\Obj\usbx_16887682971491423727.dir\ux_utility_semaphore_put.o
#        D:\proj\cc1101_prj\radio_extender\radio_extender\Obj\usbx_16887682971491423727.dir\ux_utility_short_get.o
#        D:\proj\cc1101_prj\radio_extender\radio_extender\Obj\usbx_16887682971491423727.dir\ux_utility_short_put.o
#        D:\proj\cc1101_prj\radio_extender\radio_extender\Obj\usbx_16887682971491423727.dir\ux_utility_string_length_check.o
#        D:\proj\cc1101_prj\radio_extender\radio_extender\Obj\usbx_16887682971491423727.dir\ux_utility_thread_create.o
#        D:\proj\cc1101_prj\radio_extender\radio_extender\Obj\usbx_16887682971491423727.dir\ux_utility_thread_delete.o
#        D:\proj\cc1101_prj\radio_extender\radio_extender\Obj\usbx_16887682971491423727.dir\ux_utility_thread_resume.o
#        D:\proj\cc1101_prj\radio_extender\radio_extender\Obj\usbx_16887682971491423727.dir\ux_utility_thread_suspend.o
#        --no_out_extension -o
#        D:\proj\cc1101_prj\radio_extender\radio_extender\Exe\emul_line.out
#        --map
#        D:\proj\cc1101_prj\radio_extender\radio_extender\List\emul_line.map
#        --config
#        C:\iar\ewarm-9.60.2\arm/config/linker/ArteryTek/AT32F415xC.icf --entry
#        __iar_program_start --vfe --text_out locale --cpu=Cortex-M4
#        --fpu=None) --dependencies=n
#        D:\proj\cc1101_prj\radio_extender\radio_extender\Exe\emul_line.out.iar_deps
#
###############################################################################

*******************************************************************************
*** RUNTIME MODEL ATTRIBUTES
***

CppFlavor       = *
__CPP_Runtime   = 1
__SystemLibrary = DLib
__dlib_version  = 6


*******************************************************************************
*** HEAP SELECTION
***

The basic heap was selected because --advanced_heap
was not specified and the application did not appear to
be primarily optimized for speed.


*******************************************************************************
*** PLACEMENT SUMMARY
***

"A0":  place at address 0x800'0000 { ro section .intvec };
"P1":  place in [from 0x800'0000 to 0x803'ffff] { ro };
define block CSTACK with size = 4K, alignment = 8 { };
define block HEAP with size = 4K, alignment = 8 { };
"P2":  place in [from 0x2000'0000 to 0x2000'7fff] {
          rw, block CSTACK, block HEAP };
initialize by copy { rw };

  Section            Kind         Address  Alignment    Size  Object
  -------            ----         -------  ---------    ----  ------
"A0":                                                  0x170
  .intvec            ro code   0x800'0000          4   0x170  startup_at32f415.o [2]
                             - 0x800'0170              0x170

"P1":                                                 0x99ee
  .text              ro code   0x800'0170          4   0xb14  my_tasks.o [8]
  .text              ro code   0x800'0c84          4    0x7c  txe_mutex_get.o [4]
  .text              ro code   0x800'0d00          4    0x4c  txe_mutex_put.o [4]
  .text              ro code   0x800'0d4c          4   0x4d8  cc1101.o [8]
  .text              ro code   0x800'1224          4    0x28  printf.o [9]
  .text              ro code   0x800'124c          2   0x152  cobs.o [8]
  .text              ro code   0x800'139e          2    0x7e  lz77_init_single.o [10]
  .text              ro code   0x800'141c          4    0xa6  ABImemcpy.o [10]
  .text              ro code   0x800'14c4          4   0x3c8  bat_brd.o [1]
  .text              ro code   0x800'188c          2   0x130  protocol.o [8]
  .text              ro code   0x800'19bc          4    0x60  txe_queue_send.o [4]
  .text              ro code   0x800'1a1c          4    0x2c  txe_queue_info_get.o [4]
  .text              ro code   0x800'1a48          4   0x1b4  usb_thr.o [8]
  .text              ro code   0x800'1bfc          4    0x14  tx_time_get.o [4]
  .text              ro code   0x800'1c10          4   0x230  uart.o [1]
  .text              ro code   0x800'1e40          4    0x90  tx_thread_sleep.o [4]
  .text              ro code   0x800'1ed0          4    0x60  txe_queue_receive.o [4]
  .text              ro code   0x800'1f30          4    0xd0  txe_mutex_create.o [4]
  .text              ro code   0x800'2000          4    0xf4  txe_queue_create.o [4]
  .text              ro code   0x800'20f4          4   0x158  txe_thread_create.o [4]
  .text              ro code   0x800'224c          4   0x118  tx_mutex_get.o [4]
  .text              ro code   0x800'2364          4   0x224  tx_mutex_put.o [4]
  .text              ro code   0x800'2588          4   0x1b0  at32f415_spi.o [3]
  .text              ro code   0x800'2738          4   0x158  at32f415_gpio.o [3]
  .text              ro code   0x800'2890          4   0x4f1  xprintfsmall_nomb.o [9]
  .text              ro code   0x800'2d84          4   0x480  at32f415_crm.o [3]
  .text              ro code   0x800'3204          4   0x10c  at32f415_misc.o [3]
  .text              ro code   0x800'3310          4    0x70  at32f415_clock.o [8]
  .text              ro code   0x800'3380          4   0x134  tx_queue_send.o [4]
  .text              ro code   0x800'34b4          4    0x48  tx_queue_info_get.o [4]
  .text              ro code   0x800'34fc          4    0xac  usbx_cdc.o [7]
  .text              ro code   0x800'35a8          4    0x9c  usbx_app.o [7]
  .text              ro code   0x800'3644          2    0x9a  usb_core.o [6]
  .text              ro code   0x800'36e0          4   0x554  ux_dcd_at32.o [7]
  .text              ro code   0x800'3c34          2   0x4ce  usbd_int.o [6]
  .text              ro code   0x800'4104          4   0x154  at32f415_usart.o [3]
  .text              ro code   0x800'4258          4   0x144  tx_thread_system_suspend.o [4]
  .text              ro code   0x800'439c          4   0x1ec  tx_queue_receive.o [4]
  .text              ro code   0x800'4588          4    0x40  tx_thread_system_preempt_check.o [4]
  .text              ro code   0x800'45c8          4    0x6c  tx_mutex_create.o [4]
  .text              ro code   0x800'4634          4    0x84  tx_queue_create.o [4]
  .text              ro code   0x800'46b8          4   0x154  tx_thread_create.o [4]
  .text              ro code   0x800'480c          4    0xe0  tx_mutex_priority_change.o [4]
  .text              ro code   0x800'48ec          4    0xac  tx_mutex_prioritize.o [4]
  .text              ro code   0x800'4998          4   0x128  tx_thread_system_resume.o [4]
  .text              ro code   0x800'4ac0          4    0x16  strchr.o [10]
  .text              ro code   0x800'4ad8          4    0x40  xfail_s.o [9]
  .text              ro code   0x800'4b18          4    0x36  strlen.o [10]
  .text              ro code   0x800'4b50          4    0x58  memchr.o [10]
  .text              ro code   0x800'4ba8          4   0x230  I64DivMod.o [10]
  .text              ro code   0x800'4dd8          4   0x1cc  system_at32f415.o [2]
  .text              ro code   0x800'4fa4          4   0x10c  ux_device_class_cdc_acm_write.o [7]
  .text              ro code   0x800'50b0          4    0xfc  ux_device_class_cdc_acm_read.o [7]
  .text              ro code   0x800'51ac          4    0x28  usbx_descriptors.o [7]
  .text              ro code   0x800'51d4          4   0x110  ux_system_initialize.o [7]
  .text              ro code   0x800'52e4          4   0x244  ux_device_stack_initialize.o [7]
  .text              ro code   0x800'5528          2    0x10  ux_utility_memory_set.o [7]
  .text              ro code   0x800'5538          4    0x74  ux_device_stack_class_register.o [7]
  .text              ro code   0x800'55ac          4   0x570  at32f415_usb.o [3]
  .text              ro code   0x800'5b1c          4   0x708  usbd_core.o [6]
  .text              ro code   0x800'6224          2     0x8  ux_utility_semaphore_put.o [7]
  .text              ro code   0x800'622c          4   0x204  ux_device_stack_control_request_process.o [7]
  .text              ro code   0x800'6430          2    0x44  ux_utility_descriptor_parse.o [7]
  .text              ro code   0x800'6474          4   0x144  ux_utility_memory_allocate.o [7]
  .text              ro code   0x800'65b8          4    0x4c  ux_utility_semaphore_get.o [7]
  .text              ro code   0x800'6604          4    0x64  tx_timer_system_activate.o [4]
  .text              ro code   0x800'6668          4    0x66  ABImemset.o [10]
  .text              ro code   0x800'66d0          4    0x44  tx_thread_stack_build.o [4]
  .text              ro code   0x800'6714          2    0x2e  tx_timer_system_deactivate.o [4]
  .text              ro code   0x800'6742          2     0x6  abort.o [9]
  .text              ro code   0x800'6748          4     0x2  I64DivZer.o [10]
  .text              ro code   0x800'674c          4    0x28  ux_system_error_handler.o [7]
  .text              ro code   0x800'6774          2    0x1a  ux_utility_mutex_on.o [7]
  .text              ro code   0x800'6790          4    0xb4  ux_device_stack_transfer_request.o [7]
  .text              ro code   0x800'6844          2     0x8  ux_utility_mutex_off.o [7]
  .text              ro code   0x800'684c          2    0x14  ux_utility_memory_copy.o [7]
  .text              ro code   0x800'6860          2    0x1e  ux_utility_mutex_create.o [7]
  .text              ro code   0x800'687e          2    0x1e  ux_utility_memory_allocate_mulc_safe.o [7]
  .text              ro code   0x800'689c          2    0x1c  ux_utility_semaphore_create.o [7]
  .text              ro code   0x800'68b8          2     0x8  ux_utility_semaphore_delete.o [7]
  .text              ro code   0x800'68c0          4    0xc8  ux_utility_memory_free.o [7]
  .text              ro code   0x800'6988          2    0x32  ux_utility_string_length_check.o [7]
  .text              ro code   0x800'69bc          4    0x28  usbd_sdr.o [6]
  .text              ro code   0x800'69e4          4    0x20  txe_semaphore_put.o [4]
  .text              ro code   0x800'6a04          2    0x10  ux_utility_short_get.o [7]
  .text              ro code   0x800'6a14          4    0x40  ux_device_stack_endpoint_stall.o [7]
  .text              ro code   0x800'6a54          4    0xac  ux_device_stack_get_status.o [7]
  .text              ro code   0x800'6b00          4    0x7c  ux_device_stack_clear_feature.o [7]
  .text              ro code   0x800'6b7c          4    0x7c  ux_device_stack_set_feature.o [7]
  .text              ro code   0x800'6bf8          4   0x2e0  ux_device_stack_descriptor_send.o [7]
  .text              ro code   0x800'6ed8          4    0x2c  ux_device_stack_configuration_get.o [7]
  .text              ro code   0x800'6f04          4   0x218  ux_device_stack_configuration_set.o [7]
  .text              ro code   0x800'711c          4    0x48  ux_device_stack_alternate_setting_get.o [7]
  .text              ro code   0x800'7164          4   0x250  ux_device_stack_alternate_setting_set.o [7]
  .text              ro code   0x800'73b4          2    0x1e  ux_utility_long_get.o [7]
  .text              ro code   0x800'73d4          4    0x50  ux_utility_memory_free_block_best_get.o [7]
  .text              ro code   0x800'7424          4    0x14  tx_thread_identify.o [4]
  .text              ro code   0x800'7438          4    0x38  txe_thread_info_get.o [4]
  .text              ro code   0x800'7470          4    0x58  txe_semaphore_get.o [4]
  .text              ro code   0x800'74c8          4     0xc  XXexit.o [10]
  .text              ro code   0x800'74d4          2    0x16  ux_utility_delay_ms.o [7]
  .text              ro code   0x800'74ec          4    0xc4  txe_semaphore_create.o [4]
  .text              ro code   0x800'75b0          4    0x54  txe_semaphore_delete.o [4]
  .text              ro code   0x800'7604          4    0x58  tx_semaphore_put.o [4]
  .text              ro code   0x800'765c          4    0x64  ux_device_stack_interface_delete.o [7]
  .text              ro code   0x800'76c0          4   0x16c  ux_device_stack_interface_set.o [7]
  .text              ro code   0x800'782c          2     0xc  ux_device_stack_transfer_all_request_abort.o [7]
  .text              ro code   0x800'7838          4    0x62  tx_thread_info_get.o [4]
  .text              ro code   0x800'789c          4    0x9c  tx_semaphore_get.o [4]
  .text              ro code   0x800'7938          4    0x5c  tx_semaphore_create.o [4]
  .text              ro code   0x800'7994          4    0x9c  tx_semaphore_delete.o [4]
  .text              ro code   0x800'7a30          4    0x68  ux_device_stack_interface_start.o [7]
  .text              ro code   0x800'7a98          4    0x3c  ux_device_stack_transfer_abort.o [7]
  .text              ro code   0x800'7ad4          4   0x198  ux_device_class_cdc_acm_initialize.o [7]
  .text              ro code   0x800'7c6c          2     0x8  ux_utility_mutex_delete.o [7]
  .text              ro code   0x800'7c74          2    0x1c  ux_utility_event_flags_create.o [7]
  .text              ro code   0x800'7c90          2    0x3a  ux_utility_thread_create.o [7]
  .text              ro code   0x800'7cca          2    0x12  ux_utility_thread_delete.o [7]
  .text              ro code   0x800'7cdc          2     0x8  ux_utility_event_flags_delete.o [7]
  .text              ro code   0x800'7ce4          4    0x54  txe_mutex_delete.o [4]
  .text              ro code   0x800'7d38          4    0xb4  txe_event_flags_create.o [4]
  .text              ro code   0x800'7dec          4    0x38  txe_thread_terminate.o [4]
  .text              ro code   0x800'7e24          4    0x38  txe_thread_delete.o [4]
  .text              ro code   0x800'7e5c          4    0x54  txe_event_flags_delete.o [4]
  .text              ro code   0x800'7eb0          4    0xb4  tx_mutex_delete.o [4]
  .text              ro code   0x800'7f64          4    0x58  tx_event_flags_create.o [4]
  .text              ro code   0x800'7fbc          4    0xc4  tx_thread_terminate.o [4]
  .text              ro code   0x800'8080          4    0x68  tx_thread_delete.o [4]
  .text              ro code   0x800'80e8          4    0x9c  tx_event_flags_delete.o [4]
  .text              ro code   0x800'8184          4   0x160  cdc_desc.o [5]
  .text              ro code   0x800'82e4          2   0x156  ux_device_class_cdc_acm_ioctl.o [7]
  .text              ro code   0x800'843a          2     0x8  ux_utility_thread_resume.o [7]
  .text              ro code   0x800'8442          2     0x8  ux_utility_thread_suspend.o [7]
  .text              ro code   0x800'844c          4    0x20  txe_thread_resume.o [4]
  .text              ro code   0x800'846c          4    0x20  txe_thread_suspend.o [4]
  .text              ro code   0x800'848c          4    0x70  tx_thread_resume.o [4]
  .text              ro code   0x800'84fc          4    0x90  tx_thread_suspend.o [4]
  .text              ro code   0x800'858c          4   0x130  tx_timer_thread_entry.o [4]
  .text              ro code   0x800'86bc          4    0xf4  tx_event_flags_get.o [4]
  .text              ro code   0x800'87b0          4    0xe0  ux_device_class_cdc_acm_control_request.o [7]
  .text              ro code   0x800'8890          2    0x1a  ux_utility_long_put.o [7]
  .text              ro code   0x800'88ac          4    0xd8  ux_device_class_cdc_acm_bulkin_thread.o [7]
  .text              ro code   0x800'8984          2    0x14  ux_utility_event_flags_get.o [7]
  .text              ro code   0x800'8998          4    0x70  txe_event_flags_get.o [4]
  .text              ro code   0x800'8a08          4    0xcc  tx_mutex_cleanup.o [4]
  .text              ro code   0x800'8ad4          4    0xb8  tx_timer_interrupt.o [4]
  .text              ro code   0x800'8b8c          4    0x24  tx_timer_expiration_process.o [4]
  .text              ro code   0x800'8bb0          4    0x68  tx_thread_time_slice.o [4]
  .text              ro code   0x800'8c18          4    0xa0  tx_thread_schedule.o [4]
  .text              ro code   0x800'8cb8          4    0x94  tx_queue_cleanup.o [4]
  .text              ro code   0x800'8d4c          4    0x90  tx_event_flags_cleanup.o [4]
  .text              ro code   0x800'8ddc          4    0x90  ux_device_stack_disconnect.o [7]
  .text              ro code   0x800'8e6c          4    0x8c  tx_timer_initialize.o [4]
  .text              ro code   0x800'8ef8          4    0x88  tx_semaphore_cleanup.o [4]
  .text              ro code   0x800'8f80          4    0x78  usbd_usbx_class.o [7]
  .text              ro code   0x800'8ff8          4    0x74  main.o [8]
  .text              ro code   0x800'906c          4    0x38  tx_systick_config.o [8]
  .text              ro code   0x800'90a4          4    0x48  tx_initialize_kernel_enter.o [4]
  .text              ro code   0x800'90ec          4    0x64  tx_initialize_low_level.o [4]
  .text              ro code   0x800'9150          2     0xc  tx_initialize_high_level.o [4]
  .text              ro code   0x800'915c          2     0x8  tx_application.o [8]
  .text              ro code   0x800'9164          4    0x1c  tx_thread_initialize.o [4]
  .text              ro code   0x800'9180          4    0x74  ux_device_class_cdc_acm_bulkout_thread.o [7]
  .rodata            const     0x800'91f4          4    0x58  usbx_descriptors.o [7]
  .text              ro code   0x800'924c          2    0x4e  ux_device_class_cdc_acm_entry.o [7]
  .text              ro code   0x800'929a          2    0x44  ux_device_class_cdc_acm_unitialize.o [7]
  .text              ro code   0x800'92de          2    0x1c  ux_device_class_cdc_acm_activate.o [7]
  .text              ro code   0x800'92fa          2    0x4c  ux_device_class_cdc_acm_deactivate.o [7]
  .text              ro code   0x800'9348          4    0x4c  tx_thread_shell_entry.o [4]
  .text              ro code   0x800'9394          4    0x48  at32f415_int.o [8]
  .text              ro code   0x800'93dc          4    0x18  at32f415_tmr.o [3]
  .text              ro code   0x800'93f4          4    0x1a  at32f415_adc.o [3]
  .text              ro code   0x800'9410          4    0x44  putchar.o [9]
  .text              ro code   0x800'9454          2    0x1c  retarget.o [1]
  .rodata            const     0x800'9470          4    0x3c  cc1101.o [8]
  .text              ro code   0x800'94ac          4    0x38  tx_thread_timeout.o [4]
  .text              ro code   0x800'94e4          2    0x38  zero_init3.o [10]
  .rodata            const     0x800'951c          4    0x28  main.o [8]
  .rodata            const     0x800'9544          4    0x28  my_tasks.o [8]
  .rodata            const     0x800'956c          4    0x28  ux_device_class_cdc_acm_initialize.o [7]
  .rodata            const     0x800'9594          4    0x28  ux_device_class_cdc_acm_initialize.o [7]
  .text              ro code   0x800'95bc          4    0x28  data_init.o [10]
  .rodata            const     0x800'95e4          4    0x24  my_tasks.o [8]
  .rodata            const     0x800'9608          4    0x24  ux_device_class_cdc_acm_initialize.o [7]
  .rodata            const     0x800'962c          4    0x24  ux_device_class_cdc_acm_initialize.o [7]
  .iar.init_table    const     0x800'9650          4    0x20  - Linker created -
  .rodata            const     0x800'9670          4    0x20  my_tasks.o [8]
  .rodata            const     0x800'9690          4    0x20  my_tasks.o [8]
  .rodata            const     0x800'96b0          4    0x20  my_tasks.o [8]
  .rodata            const     0x800'96d0          4    0x20  my_tasks.o [8]
  .rodata            const     0x800'96f0          4    0x20  my_tasks.o [8]
  .rodata            const     0x800'9710          4    0x20  ux_device_class_cdc_acm_initialize.o [7]
  .rodata            const     0x800'9730          4    0x20  ux_device_stack_initialize.o [7]
  .text              ro code   0x800'9750          4    0x1e  cmain.o [10]
  .text              ro code   0x800'976e          2     0x4  low_level_init.o [9]
  .text              ro code   0x800'9772          2     0x4  exit.o [9]
  .text              ro code   0x800'9778          4     0xa  cexit.o [10]
  .rodata            const     0x800'9784          4    0x1c  cdc_desc.o [5]
  .rodata            const     0x800'97a0          4    0x1c  my_tasks.o [8]
  .rodata            const     0x800'97bc          4    0x1c  my_tasks.o [8]
  .rodata            const     0x800'97d8          4    0x1c  my_tasks.o [8]
  .rodata            const     0x800'97f4          4    0x1c  my_tasks.o [8]
  .text              ro code   0x800'9810          4    0x1c  cstartup_M.o [10]
  .rodata            const     0x800'982c          4    0x18  cdc_desc.o [5]
  .rodata            const     0x800'9844          4    0x18  cdc_desc.o [5]
  .rodata            const     0x800'985c          4    0x18  my_tasks.o [8]
  .text              ro code   0x800'9874          2    0x16  xprout.o [9]
  .rodata            const     0x800'988c          4    0x14  my_tasks.o [8]
  .rodata            const     0x800'98a0          4    0x14  tx_timer_initialize.o [4]
  .rodata            const     0x800'98b4          4    0x10  at32f415_crm.o [3]
  .rodata            const     0x800'98c4          4    0x10  my_tasks.o [8]
  .rodata            const     0x800'98d4          4    0x10  system_at32f415.o [2]
  .rodata            const     0x800'98e4          4    0x10  ux_system_initialize.o [7]
  .text              ro code   0x800'98f4          4    0x10  startup_at32f415.o [2]
  .rodata            const     0x800'9904          4     0x8  at32f415_crm.o [3]
  .rodata            const     0x800'990c          4     0x8  at32f415_crm.o [3]
  .rodata            const     0x800'9914          4     0x8  at32f415_crm.o [3]
  .rodata            const     0x800'991c          4     0x8  cdc_desc.o [5]
  .rodata            const     0x800'9924          4     0x8  my_tasks.o [8]
  .rodata            const     0x800'992c          4     0x8  my_tasks.o [8]
  .rodata            const     0x800'9934          4     0x8  my_tasks.o [8]
  .rodata            const     0x800'993c          4     0x8  my_tasks.o [8]
  .rodata            const     0x800'9944          4     0x8  my_tasks.o [8]
  .rodata            const     0x800'994c          4     0x4  cc1101.o [8]
  .text              ro code   0x800'9950          2     0x4  startup_at32f415.o [2]
  .text              ro code   0x800'9954          2     0x4  startup_at32f415.o [2]
  .text              ro code   0x800'9958          2     0x4  startup_at32f415.o [2]
  .text              ro code   0x800'995c          2     0x4  startup_at32f415.o [2]
  .text              ro code   0x800'9960          2     0x4  startup_at32f415.o [2]
  .text              ro code   0x800'9964          2     0x4  startup_at32f415.o [2]
  .text              ro code   0x800'9968          2     0x4  startup_at32f415.o [2]
  .text              ro code   0x800'996c          2     0x4  startup_at32f415.o [2]
  .text              ro code   0x800'9970          2     0x4  startup_at32f415.o [2]
  .text              ro code   0x800'9974          2     0x4  startup_at32f415.o [2]
  .text              ro code   0x800'9978          2     0x4  startup_at32f415.o [2]
  .text              ro code   0x800'997c          2     0x4  startup_at32f415.o [2]
  .text              ro code   0x800'9980          2     0x4  startup_at32f415.o [2]
  .text              ro code   0x800'9984          2     0x4  startup_at32f415.o [2]
  .text              ro code   0x800'9988          2     0x4  startup_at32f415.o [2]
  .text              ro code   0x800'998c          2     0x4  startup_at32f415.o [2]
  .text              ro code   0x800'9990          2     0x4  startup_at32f415.o [2]
  .text              ro code   0x800'9994          2     0x4  startup_at32f415.o [2]
  .text              ro code   0x800'9998          2     0x4  startup_at32f415.o [2]
  .text              ro code   0x800'999c          2     0x4  startup_at32f415.o [2]
  .text              ro code   0x800'99a0          2     0x4  startup_at32f415.o [2]
  .text              ro code   0x800'99a4          2     0x4  startup_at32f415.o [2]
  .text              ro code   0x800'99a8          2     0x4  startup_at32f415.o [2]
  .text              ro code   0x800'99ac          2     0x4  startup_at32f415.o [2]
  .text              ro code   0x800'99b0          2     0x4  startup_at32f415.o [2]
  .text              ro code   0x800'99b4          2     0x4  startup_at32f415.o [2]
  .text              ro code   0x800'99b8          2     0x4  startup_at32f415.o [2]
  .text              ro code   0x800'99bc          2     0x4  startup_at32f415.o [2]
  .text              ro code   0x800'99c0          2     0x4  startup_at32f415.o [2]
  .text              ro code   0x800'99c4          2     0x4  startup_at32f415.o [2]
  .text              ro code   0x800'99c8          2     0x4  startup_at32f415.o [2]
  .text              ro code   0x800'99cc          2     0x4  startup_at32f415.o [2]
  .text              ro code   0x800'99d0          2     0x4  startup_at32f415.o [2]
  .text              ro code   0x800'99d4          2     0x4  startup_at32f415.o [2]
  .text              ro code   0x800'99d8          2     0x4  startup_at32f415.o [2]
  .text              ro code   0x800'99dc          2     0x4  startup_at32f415.o [2]
  .text              ro code   0x800'99e0          2     0x4  startup_at32f415.o [2]
  .text              ro code   0x800'99e4          2     0x4  startup_at32f415.o [2]
  .text              ro code   0x800'99e8          2     0x4  startup_at32f415.o [2]
  .text              ro code   0x800'99ec          2     0x4  startup_at32f415.o [2]
  .text              ro code   0x800'99f0          2     0x4  startup_at32f415.o [2]
  .text              ro code   0x800'99f4          2     0x4  startup_at32f415.o [2]
  .text              ro code   0x800'99f8          2     0x4  startup_at32f415.o [2]
  .text              ro code   0x800'99fc          2     0x4  startup_at32f415.o [2]
  .text              ro code   0x800'9a00          2     0x4  startup_at32f415.o [2]
  .text              ro code   0x800'9a04          2     0x4  startup_at32f415.o [2]
  .text              ro code   0x800'9a08          2     0x4  startup_at32f415.o [2]
  .text              ro code   0x800'9a0c          2     0x4  startup_at32f415.o [2]
  .text              ro code   0x800'9a10          2     0x4  startup_at32f415.o [2]
  .text              ro code   0x800'9a14          2     0x4  startup_at32f415.o [2]
  .text              ro code   0x800'9a18          2     0x4  startup_at32f415.o [2]
  .text              ro code   0x800'9a1c          2     0x4  startup_at32f415.o [2]
  .rodata            const     0x800'9a20                0x0  zero_init3.o [10]
  .rodata            const     0x800'9a20                0x0  lz77_init_single.o [10]
  Initializer bytes  const     0x800'9a20              0x13e  <for P2-1>
                             - 0x800'9b5e             0x99ee

"P2", part 1 of 3:                                     0x1b1
  P2-1                        0x2000'0000              0x1b1  <Init block>
    .data            inited   0x2000'0000          4    0x28  cdc_desc.o [5]
    .data            inited   0x2000'0028          4    0x14  cdc_desc.o [5]
    .data            inited   0x2000'003c          4    0x44  cdc_desc.o [5]
    .data            inited   0x2000'0080          4     0x4  cdc_desc.o [5]
    .data            inited   0x2000'0084          4    0x1c  cdc_desc.o [5]
    .data            inited   0x2000'00a0          4     0x8  cdc_desc.o [5]
    .data            inited   0x2000'00a8          4     0x8  cdc_desc.o [5]
    .data            inited   0x2000'00b0          4     0x8  cdc_desc.o [5]
    .data            inited   0x2000'00b8          4     0x8  cdc_desc.o [5]
    .data            inited   0x2000'00c0          4     0x4  system_at32f415.o [2]
    .data            inited   0x2000'00c4          4     0x4  tx_thread_initialize.o [4]
    .data            inited   0x2000'00c8          4    0x28  usbd_usbx_class.o [7]
    .data            inited   0x2000'00f0          4    0x2c  usbx_app.o [7]
    .data            inited   0x2000'011c          4    0x18  ux_device_stack_initialize.o [7]
    .data            inited   0x2000'0134          4     0x8  ux_system_initialize.o [7]
    .data            inited   0x2000'013c          4    0x10  ux_system_initialize.o [7]
    .data            inited   0x2000'014c          4     0x8  ux_system_initialize.o [7]
    .data            inited   0x2000'0154          4     0xc  ux_system_initialize.o [7]
    .data            inited   0x2000'0160          4     0x4  ux_system_initialize.o [7]
    .data            inited   0x2000'0164          4    0x48  xfiles.o [9]
    .data            inited   0x2000'01ac          2     0x2  usbx_descriptors.o [7]
    .data            inited   0x2000'01ae                0x1  cc1101.o [8]
    .data            inited   0x2000'01af                0x1  cc1101.o [8]
    .data            inited   0x2000'01b0                0x1  my_tasks.o [8]
                            - 0x2000'01b1              0x1b1

"P2", part 2 of 3:                                    0x6770
  .bss               zero     0x2000'01b4          4  0x3000  usbx_app.o [7]
  .bss               zero     0x2000'31b4          4   0x800  my_tasks.o [8]
  .bss               zero     0x2000'39b4          4   0x800  my_tasks.o [8]
  .bss               zero     0x2000'41b4          4   0x800  tx_timer_initialize.o [4]
  .bss               zero     0x2000'49b4          4   0x600  my_tasks.o [8]
  .bss               zero     0x2000'4fb4          4   0x600  my_tasks.o [8]
  .bss               zero     0x2000'55b4          4   0x400  my_tasks.o [8]
  .bss               zero     0x2000'59b4          4   0x200  my_tasks.o [8]
  .bss               zero     0x2000'5bb4          4   0x1a4  usb_thr.o [8]
  .bss               zero     0x2000'5d58          4   0x100  cdc_desc.o [5]
  .bss               zero     0x2000'5e58          4   0x100  usb_thr.o [8]
  .bss               zero     0x2000'5f58          4    0xb0  my_tasks.o [8]
  .bss               zero     0x2000'6008          4    0xb0  my_tasks.o [8]
  .bss               zero     0x2000'60b8          4    0xb0  my_tasks.o [8]
  .bss               zero     0x2000'6168          4    0xb0  my_tasks.o [8]
  .bss               zero     0x2000'6218          4    0xb0  my_tasks.o [8]
  .bss               zero     0x2000'62c8          4    0xb0  tx_timer_initialize.o [4]
  .bss               zero     0x2000'6378          4    0x80  tx_thread_initialize.o [4]
  .bss               zero     0x2000'63f8          4    0x80  tx_timer_initialize.o [4]
  .bss               zero     0x2000'6478          4    0x80  uart.o [1]
  .bss               zero     0x2000'64f8          4    0x80  uart.o [1]
  .bss               zero     0x2000'6578          4    0x80  usbx_descriptors.o [7]
  .bss               zero     0x2000'65f8          4    0x50  xfiles.o [9]
  .bss               zero     0x2000'6648          4    0x44  my_tasks.o [8]
  .bss               zero     0x2000'668c          4    0x40  my_tasks.o [8]
  .bss               zero     0x2000'66cc          4    0x40  my_tasks.o [8]
  .bss               zero     0x2000'670c          4    0x40  my_tasks.o [8]
  .bss               zero     0x2000'674c          4    0x40  my_tasks.o [8]
  .bss               zero     0x2000'678c          4    0x40  my_tasks.o [8]
  .bss               zero     0x2000'67cc          4    0x38  my_tasks.o [8]
  .bss               zero     0x2000'6804          4    0x34  my_tasks.o [8]
  .bss               zero     0x2000'6838          4    0x14  my_tasks.o [8]
  FREE_MEM           zero     0x2000'684c               0x10  tx_initialize_low_level.o [4]
  .bss               zero     0x2000'685c          4     0x8  cdc_desc.o [5]
  .bss               zero     0x2000'6864          4     0x4  bat_brd.o [1]
  .bss               zero     0x2000'6868          4     0x4  bat_brd.o [1]
  .bss               zero     0x2000'686c          4     0x4  my_tasks.o [8]
  .bss               zero     0x2000'6870          4     0x4  my_tasks.o [8]
  .bss               zero     0x2000'6874          4     0x4  my_tasks.o [8]
  .bss               zero     0x2000'6878          4     0x4  tx_initialize_high_level.o [4]
  .bss               zero     0x2000'687c          4     0x4  tx_initialize_high_level.o [4]
  .bss               zero     0x2000'6880          4     0x4  tx_initialize_high_level.o [4]
  .bss               zero     0x2000'6884          4     0x4  tx_initialize_high_level.o [4]
  .bss               zero     0x2000'6888          4     0x4  tx_initialize_high_level.o [4]
  .bss               zero     0x2000'688c          4     0x4  tx_initialize_high_level.o [4]
  .bss               zero     0x2000'6890          4     0x4  tx_initialize_high_level.o [4]
  .bss               zero     0x2000'6894          4     0x4  tx_initialize_high_level.o [4]
  .bss               zero     0x2000'6898          4     0x4  tx_initialize_high_level.o [4]
  .bss               zero     0x2000'689c          4     0x4  tx_thread_initialize.o [4]
  .bss               zero     0x2000'68a0          4     0x4  tx_thread_initialize.o [4]
  .bss               zero     0x2000'68a4          4     0x4  tx_thread_initialize.o [4]
  .bss               zero     0x2000'68a8          4     0x4  tx_thread_initialize.o [4]
  .bss               zero     0x2000'68ac          4     0x4  tx_thread_initialize.o [4]
  .bss               zero     0x2000'68b0          4     0x4  tx_thread_initialize.o [4]
  .bss               zero     0x2000'68b4          4     0x4  tx_thread_initialize.o [4]
  .bss               zero     0x2000'68b8          4     0x4  tx_thread_initialize.o [4]
  .bss               zero     0x2000'68bc          4     0x4  tx_thread_initialize.o [4]
  .bss               zero     0x2000'68c0          4     0x4  tx_thread_initialize.o [4]
  .bss               zero     0x2000'68c4          4     0x4  tx_timer_initialize.o [4]
  .bss               zero     0x2000'68c8          4     0x4  tx_timer_initialize.o [4]
  .bss               zero     0x2000'68cc          4     0x4  tx_timer_initialize.o [4]
  .bss               zero     0x2000'68d0          4     0x4  tx_timer_initialize.o [4]
  .bss               zero     0x2000'68d4          4     0x4  tx_timer_initialize.o [4]
  .bss               zero     0x2000'68d8          4     0x4  tx_timer_initialize.o [4]
  .bss               zero     0x2000'68dc          4     0x4  tx_timer_initialize.o [4]
  .bss               zero     0x2000'68e0          4     0x4  tx_timer_initialize.o [4]
  .bss               zero     0x2000'68e4          4     0x4  tx_timer_initialize.o [4]
  .bss               zero     0x2000'68e8          4     0x4  tx_timer_initialize.o [4]
  .bss               zero     0x2000'68ec          4     0x4  tx_timer_initialize.o [4]
  .bss               zero     0x2000'68f0          4     0x4  usb_thr.o [8]
  .bss               zero     0x2000'68f4          4     0x4  usbx_app.o [7]
  .bss               zero     0x2000'68f8          4     0x4  ux_dcd_at32.o [7]
  .bss               zero     0x2000'68fc          4     0x4  ux_device_stack_initialize.o [7]
  .bss               zero     0x2000'6900          4     0x4  ux_system_initialize.o [7]
  .bss               zero     0x2000'6904          4     0x4  xfail_s.o [9]
  .bss               zero     0x2000'6908          2     0x2  uart.o [1]
  .bss               zero     0x2000'690a          2     0x2  uart.o [1]
  .bss               zero     0x2000'690c          2     0x2  uart.o [1]
  .bss               zero     0x2000'690e          2     0x2  uart.o [1]
  .bss               zero     0x2000'6910                0x1  cc1101.o [8]
  .bss               zero     0x2000'6911                0x1  my_tasks.o [8]
  .bss               zero     0x2000'6912                0x1  my_tasks.o [8]
  .bss               zero     0x2000'6913                0x1  my_tasks.o [8]
  .bss               zero     0x2000'6914                0x1  my_tasks.o [8]
  .bss               zero     0x2000'6915                0x1  my_tasks.o [8]
  .bss               zero     0x2000'6916                0x1  my_tasks.o [8]
  .bss               zero     0x2000'6917                0x1  my_tasks.o [8]
  .bss               zero     0x2000'6918                0x1  my_tasks.o [8]
  .bss               zero     0x2000'6919                0x1  my_tasks.o [8]
  .bss               zero     0x2000'691a                0x1  my_tasks.o [8]
  .bss               zero     0x2000'691b                0x1  my_tasks.o [8]
  .bss               zero     0x2000'691c                0x1  my_tasks.o [8]
  .bss               zero     0x2000'691d                0x1  my_tasks.o [8]
  .bss               zero     0x2000'691e                0x1  my_tasks.o [8]
  .bss               zero     0x2000'691f                0x1  uart.o [1]
  .bss               zero     0x2000'6920                0x1  usb_thr.o [8]
                            - 0x2000'6921             0x676d

"P2", part 3 of 3:                                    0x1000
  CSTACK                      0x2000'6928          8  0x1000  <Block>
    CSTACK           uninit   0x2000'6928             0x1000  <Block tail>
                            - 0x2000'7928             0x1000

Unused ranges:

         From           To      Size
         ----           --      ----
   0x800'9b5e   0x803'ffff  0x3'64a2
  0x2000'01b1  0x2000'01b3       0x3
  0x2000'6924  0x2000'6927       0x4
  0x2000'7928  0x2000'7fff     0x6d8


*******************************************************************************
*** INIT TABLE
***

          Address      Size
          -------      ----
Zero (__iar_zero_init3)
    1 destination range, total size 0x676d:
          0x2000'01b4  0x676d

Copy/lz77 (__iar_lz77_init_single3)
    1 source range, total size 0x13e (73% of destination):
           0x800'9a20   0x13e
    1 destination range, total size 0x1b1:
          0x2000'0000   0x1b1



*******************************************************************************
*** MODULE SUMMARY
***

    Module                                        ro code  ro data  rw data
    ------                                        -------  -------  -------
command line/config:
    -----------------------------------------------------------------------
    Total:

D:\proj\cc1101_prj\radio_extender\radio_extender\Obj\bsp_16015383911061377078.dir: [1]
    bat_brd.o                                         968                 8
    retarget.o                                         28
    uart.o                                            560               265
    -----------------------------------------------------------------------
    Total:                                          1'556               273

D:\proj\cc1101_prj\radio_extender\radio_extender\Obj\cmsis_10847856019631765829.dir: [2]
    startup_at32f415.o                                592
    system_at32f415.o                                 460       18        4
    -----------------------------------------------------------------------
    Total:                                          1'052       18        4

D:\proj\cc1101_prj\radio_extender\radio_extender\Obj\firmware_5522153464374988555.dir: [3]
    at32f415_adc.o                                     26
    at32f415_crm.o                                  1'152       40
    at32f415_gpio.o                                   344
    at32f415_misc.o                                   268
    at32f415_spi.o                                    432
    at32f415_tmr.o                                     24
    at32f415_usart.o                                  340
    at32f415_usb.o                                  1'392
    -----------------------------------------------------------------------
    Total:                                          3'978       40

D:\proj\cc1101_prj\radio_extender\radio_extender\Obj\threadx_2513977168360959821.dir: [4]
    tx_event_flags_cleanup.o                          144
    tx_event_flags_create.o                            88
    tx_event_flags_delete.o                           156
    tx_event_flags_get.o                              244
    tx_initialize_high_level.o                         12                36
    tx_initialize_kernel_enter.o                       72
    tx_initialize_low_level.o                         100                16
    tx_mutex_cleanup.o                                204
    tx_mutex_create.o                                 108
    tx_mutex_delete.o                                 180
    tx_mutex_get.o                                    280
    tx_mutex_prioritize.o                             172
    tx_mutex_priority_change.o                        224
    tx_mutex_put.o                                    548
    tx_queue_cleanup.o                                148
    tx_queue_create.o                                 132
    tx_queue_info_get.o                                72
    tx_queue_receive.o                                492
    tx_queue_send.o                                   308
    tx_semaphore_cleanup.o                            136
    tx_semaphore_create.o                              92
    tx_semaphore_delete.o                             156
    tx_semaphore_get.o                                156
    tx_semaphore_put.o                                 88
    tx_thread_create.o                                340
    tx_thread_delete.o                                104
    tx_thread_identify.o                               20
    tx_thread_info_get.o                               98
    tx_thread_initialize.o                             28        3      172
    tx_thread_resume.o                                112
    tx_thread_schedule.o                              160
    tx_thread_shell_entry.o                            76
    tx_thread_sleep.o                                 144
    tx_thread_stack_build.o                            68
    tx_thread_suspend.o                               144
    tx_thread_system_preempt_check.o                   64
    tx_thread_system_resume.o                         296
    tx_thread_system_suspend.o                        324
    tx_thread_terminate.o                             196
    tx_thread_time_slice.o                            104
    tx_thread_timeout.o                                56
    tx_time_get.o                                      20
    tx_timer_expiration_process.o                      36
    tx_timer_initialize.o                             140       20    2'396
    tx_timer_interrupt.o                              184
    tx_timer_system_activate.o                        100
    tx_timer_system_deactivate.o                       46
    tx_timer_thread_entry.o                           304
    txe_event_flags_create.o                          180
    txe_event_flags_delete.o                           84
    txe_event_flags_get.o                             112
    txe_mutex_create.o                                208
    txe_mutex_delete.o                                 84
    txe_mutex_get.o                                   124
    txe_mutex_put.o                                    76
    txe_queue_create.o                                244
    txe_queue_info_get.o                               44
[...]
crm_pll_config           0x800'2f37    0xde  Code  Gb  at32f415_crm.o [3]
crm_reset                0x800'2d85    0x5e  Code  Gb  at32f415_crm.o [3]
crm_sysclk_switch        0x800'3015     0xe  Code  Gb  at32f415_crm.o [3]
crm_sysclk_switch_status_get
                         0x800'3023     0xc  Code  Gb  at32f415_crm.o [3]
crm_usb_clock_div_set    0x800'2f17    0x20  Code  Gb  at32f415_crm.o [3]
cycle_got_expected_pong
                        0x2000'691a     0x1  Data  Lc  my_tasks.o [8]
delay_init               0x800'17af    0x24  Code  Gb  bat_brd.o [1]
delay_ms                 0x800'17f9    0x2e  Code  Gb  bat_brd.o [1]
delay_us                 0x800'17d3    0x26  Code  Gb  bat_brd.o [1]
device_descriptor       0x2000'00a0     0x8  Data  Lc  cdc_desc.o [5]
exit                     0x800'9773     0x4  Code  Gb  exit.o [9]
expect_pong_id          0x2000'6912     0x1  Data  Lc  my_tasks.o [8]
fac_ms                  0x2000'6868     0x4  Data  Lc  bat_brd.o [1]
fac_us                  0x2000'6864     0x4  Data  Lc  bat_brd.o [1]
g_cdc_acm               0x2000'68f4     0x4  Data  Lc  usbx_app.o [7]
g_dcd_at32              0x2000'68f8     0x4  Data  Lc  ux_dcd_at32.o [7]
g_link_status           0x2000'01b0     0x1  Data  Lc  my_tasks.o [8]
g_string_lang_id        0x2000'0080     0x4  Data  Lc  cdc_desc.o [5]
g_string_serial         0x2000'0084    0x1c  Data  Lc  cdc_desc.o [5]
g_usbd_configuration    0x2000'003c    0x44  Data  Lc  cdc_desc.o [5]
g_usbd_desc_buffer      0x2000'5d58   0x100  Data  Lc  cdc_desc.o [5]
g_usbd_descriptor       0x2000'0028    0x14  Data  Lc  cdc_desc.o [5]
get_device_config_string
                         0x800'8297    0x16  Code  Lc  cdc_desc.o [5]
get_device_configuration
                         0x800'823f     0x4  Code  Lc  cdc_desc.o [5]
get_device_descriptor    0x800'8237     0x4  Code  Lc  cdc_desc.o [5]
get_device_interface_string
                         0x800'8281    0x16  Code  Lc  cdc_desc.o [5]
get_device_lang_id       0x800'8247     0x4  Code  Lc  cdc_desc.o [5]
get_device_manufacturer_string
                         0x800'824b    0x16  Code  Lc  cdc_desc.o [5]
get_device_other_speed   0x800'8243     0x4  Code  Lc  cdc_desc.o [5]
get_device_product_string
                         0x800'8261    0x16  Code  Lc  cdc_desc.o [5]
get_device_qualifier     0x800'823b     0x4  Code  Lc  cdc_desc.o [5]
get_device_serial_string
                         0x800'8277     0xa  Code  Lc  cdc_desc.o [5]
get_gdo0                 0x800'1799    0x16  Code  Gb  bat_brd.o [1]
get_serial_num           0x800'820b    0x2c  Code  Lc  cdc_desc.o [5]
gpio_bits_reset          0x800'2843     0x6  Code  Gb  at32f415_gpio.o [3]
gpio_bits_set            0x800'283d     0x6  Code  Gb  at32f415_gpio.o [3]
gpio_default_para_init   0x800'280b    0x18  Code  Gb  at32f415_gpio.o [3]
gpio_init                0x800'2739    0xd2  Code  Gb  at32f415_gpio.o [3]
gpio_input_data_bit_read
                         0x800'2823    0x1a  Code  Gb  at32f415_gpio.o [3]
gpio_pin_remap_config    0x800'2849    0x44  Code  Gb  at32f415_gpio.o [3]
hb_ping_outstanding     0x2000'691d     0x1  Data  Lc  my_tasks.o [8]
host_cobs_acc           0x2000'6648    0x44  Data  Lc  my_tasks.o [8]
host_cobs_dec           0x2000'6838    0x14  Data  Lc  my_tasks.o [8]
host_cobs_frame_cb       0x800'05f5    0x64  Code  Lc  my_tasks.o [8]
hw_board_init            0x800'1827    0x18  Code  Gb  bat_brd.o [1]
init_gpio                0x800'14c5   0x14c  Code  Gb  bat_brd.o [1]
langid_descriptor       0x2000'00b0     0x8  Data  Lc  cdc_desc.o [5]
last_own_ping_tx_id     0x2000'6914     0x1  Data  Lc  my_tasks.o [8]
last_own_ping_tx_ms     0x2000'686c     0x4  Data  Lc  my_tasks.o [8]
last_peer_ping_id       0x2000'6916     0x1  Data  Lc  my_tasks.o [8]
last_pong_for_ping_id   0x2000'6915     0x1  Data  Lc  my_tasks.o [8]
last_pong_tx_ms         0x2000'6870     0x4  Data  Lc  my_tasks.o [8]
link_liveness           0x2000'6918     0x1  Data  Lc  my_tasks.o [8]
link_mark_lost           0x800'0431    0x38  Code  Lc  my_tasks.o [8]
link_mark_ok             0x800'0351    0x24  Code  Lc  my_tasks.o [8]
link_on_traffic          0x800'0375    0x32  Code  Lc  my_tasks.o [8]
link_refresh             0x800'02c5    0x12  Code  Lc  my_tasks.o [8]
link_refresh_tick       0x2000'6919     0x1  Data  Lc  my_tasks.o [8]
main                     0x800'8ff9    0x74  Code  Gb  main.o [8]
memchr                   0x800'4b51          Code  Gb  memchr.o [10]
missed_pings            0x2000'6911     0x1  Data  Lc  my_tasks.o [8]
nvic_irq_enable          0x800'32a5    0x2a  Code  Gb  at32f415_misc.o [3]
nvic_priority_group_config
                         0x800'32cf     0xa  Code  Gb  at32f415_misc.o [3]
obuf                    0x2000'65f8    0x50  Data  Lc  xfiles.o [9]
otg_core_struct         0x2000'5bb4   0x1a4  Data  Gb  usb_thr.o [8]
ping_id_is_newer         0x800'0171    0x12  Code  Lc  my_tasks.o [8]
ping_seq                0x2000'6913     0x1  Data  Lc  my_tasks.o [8]
pong_ok_streak          0x2000'6917     0x1  Data  Lc  my_tasks.o [8]
printf                   0x800'1225    0x28  Code  Gb  printf.o [9]
put_led                  0x800'1611    0x2e  Code  Gb  bat_brd.o [1]
putchar                  0x800'9411    0x44  Code  Gb  putchar.o [9]
q_rf_tx                 0x2000'67cc    0x38  Data  Gb  my_tasks.o [8]
rf_busy_wait_us          0x800'0183    0x34  Code  Lc  my_tasks.o [8]
rf_link_build            0x800'02d7    0x12  Code  Lc  my_tasks.o [8]
rf_payload_ack_deadline
                        0x2000'6874     0x4  Data  Lc  my_tasks.o [8]
rf_payload_pending      0x2000'691b     0x1  Data  Lc  my_tasks.o [8]
rf_payload_waiting_ack  0x2000'691c     0x1  Data  Lc  my_tasks.o [8]
rf_ping_phase_ms         0x800'01b7    0x1e  Code  Lc  my_tasks.o [8]
rf_receive_data         0x2000'678c    0x40  Data  Gb  my_tasks.o [8]
rf_receive_pkt          0x2000'674c    0x40  Data  Gb  my_tasks.o [8]
rf_send_pkt             0x2000'670c    0x40  Data  Gb  my_tasks.o [8]
rf_try_raw_link_frame    0x800'0671    0x38  Code  Lc  my_tasks.o [8]
rf_tx_enqueue            0x800'02e9    0x44  Code  Lc  my_tasks.o [8]
rf_tx_enqueue_link       0x800'032d    0x24  Code  Lc  my_tasks.o [8]
rf_tx_queue_buffer      0x2000'59b4   0x200  Data  Lc  my_tasks.o [8]
rf_tx_queue_has_messages
                         0x800'03a7    0x50  Code  Lc  my_tasks.o [8]
rf_wire_decode           0x800'05ab    0x4a  Code  Lc  my_tasks.o [8]
rx_buffer               0x2000'6478    0x80  Data  Lc  uart.o [1]
rx_head                 0x2000'6908     0x2  Data  Lc  uart.o [1]
rx_tail                 0x2000'690a     0x2  Data  Lc  uart.o [1]
sec_hand                0x2000'6904     0x4  Data  Lc  xfail_s.o [9]
send_char_dbg            0x800'1df5    0x12  Code  Gb  uart.o [1]
serial_descriptor       0x2000'00b8     0x8  Data  Lc  cdc_desc.o [5]
spi_default_para_init    0x800'2589    0x22  Code  Gb  at32f415_spi.o [3]
spi_enable               0x800'270f     0xc  Code  Gb  at32f415_spi.o [3]
spi_i2s_data_receive     0x800'2721     0x6  Code  Gb  at32f415_spi.o [3]
spi_i2s_data_transmit    0x800'271b     0x6  Code  Gb  at32f415_spi.o [3]
spi_i2s_flag_get         0x800'2727    0x12  Code  Gb  at32f415_spi.o [3]
spi_init                 0x800'25ab   0x164  Code  Gb  at32f415_spi.o [3]
spi_rf_configure         0x800'172d    0x6c  Code  Gb  bat_brd.o [1]
spi_rf_init              0x800'163f    0xee  Code  Gb  bat_brd.o [1]
spi_rf_sel_cpha2        0x2000'6910     0x1  Data  Lc  cc1101.o [8]
spi_rf_sel_div          0x2000'01af     0x1  Data  Lc  cc1101.o [8]
spi_rf_sel_msb          0x2000'01ae     0x1  Data  Lc  cc1101.o [8]
stack_heartbeat_mem     0x2000'55b4   0x400  Data  Lc  my_tasks.o [8]
stack_rf_receive_mem    0x2000'31b4   0x800  Data  Lc  my_tasks.o [8]
stack_rf_send_mem       0x2000'4fb4   0x600  Data  Lc  my_tasks.o [8]
stack_uart_rx_mem       0x2000'49b4   0x600  Data  Lc  my_tasks.o [8]
stack_usb_mem           0x2000'39b4   0x800  Data  Lc  my_tasks.o [8]
strchr                   0x800'4ac1          Code  Gb  strchr.o [10]
string_framework        0x2000'00f0    0x2c  Data  Lc  usbx_app.o [7]
strlen                   0x800'4b19          Code  Gb  strlen.o [10]
system_clock_config      0x800'3311    0x70  Code  Gb  at32f415_clock.o [8]
system_core_clock       0x2000'00c0     0x4  Data  Gb  system_at32f415.o [2]
system_core_clock_update
                         0x800'4e4d   0x11a  Code  Gb  system_at32f415.o [2]
system_core_clock_update::sys_ahb_div_table
                         0x800'98d4    0x10  Data  Lc  system_at32f415.o [2]
systick_clock_source_config
                         0x800'32d9    0x1e  Code  Gb  at32f415_misc.o [3]
task_heartbeat           0x800'085b   0x150  Code  Gb  my_tasks.o [8]
task_rf_receive          0x800'09b1    0x4a  Code  Gb  my_tasks.o [8]
task_rf_send             0x800'0803    0x58  Code  Gb  my_tasks.o [8]
task_uart_rx             0x800'07e1    0x22  Code  Gb  my_tasks.o [8]
tasks_init               0x800'09fb   0x17c  Code  Gb  my_tasks.o [8]
thread_heartbeat        0x2000'60b8    0xb0  Data  Lc  my_tasks.o [8]
thread_rf_receive       0x2000'6008    0xb0  Data  Lc  my_tasks.o [8]
thread_rf_send          0x2000'5f58    0xb0  Data  Lc  my_tasks.o [8]
thread_uart_rx          0x2000'6168    0xb0  Data  Lc  my_tasks.o [8]
thread_usb              0x2000'6218    0xb0  Data  Lc  my_tasks.o [8]
tmr_flag_clear           0x800'93ef     0x6  Code  Gb  at32f415_tmr.o [3]
tmr_flag_get             0x800'93dd    0x12  Code  Gb  at32f415_tmr.o [3]
tx_application_define    0x800'915d     0x8  Code  Gb  tx_application.o [8]
tx_buffer               0x2000'64f8    0x80  Data  Lc  uart.o [1]
tx_head                 0x2000'690c     0x2  Data  Lc  uart.o [1]
tx_systick_config        0x800'906d    0x38  Code  Gb  tx_systick_config.o [8]
tx_tail                 0x2000'690e     0x2  Data  Lc  uart.o [1]
uart_pc_init_deferred    0x800'1b3f    0x44  Code  Lc  usb_thr.o [8]
uart_pc_init_deferred::done
                        0x2000'6920     0x1  Data  Lc  usb_thr.o [8]
uart_pc_init_deferred::wait_ms
                        0x2000'68f0     0x4  Data  Lc  usb_thr.o [8]
uart_pc_ready           0x2000'691f     0x1  Data  Lc  uart.o [1]
uart_rx_buf             0x2000'668c    0x40  Data  Gb  my_tasks.o [8]
uart_rx_data            0x2000'66cc    0x40  Data  Gb  my_tasks.o [8]
usart_data_receive       0x800'4245     0x6  Code  Gb  at32f415_usart.o [3]
usart_data_transmit      0x800'423b     0xa  Code  Gb  at32f415_usart.o [3]
usart_enable             0x800'41d7     0xe  Code  Gb  at32f415_usart.o [3]
usart_flag_get           0x800'424b     0xe  Code  Gb  at32f415_usart.o [3]
usart_init               0x800'4105    0x70  Code  Gb  at32f415_usart.o [3]
usart_interrupt_enable   0x800'4201    0x3a  Code  Gb  at32f415_usart.o [3]
usart_parity_selection_config
                         0x800'4179    0x5e  Code  Gb  at32f415_usart.o [3]
usart_receiver_enable    0x800'41f3     0xe  Code  Gb  at32f415_usart.o [3]
usart_transmitter_enable
                         0x800'41e5     0xe  Code  Gb  at32f415_usart.o [3]
usb_buffer_rx           0x2000'5e58   0x100  Data  Gb  usb_thr.o [8]
usb_clock48m_select      0x800'1a97    0x50  Code  Gb  usb_thr.o [8]
usb_connect              0x800'5af1    0x10  Code  Gb  at32f415_usb.o [3]
usb_core_config          0x800'3645    0x3e  Code  Gb  usb_core.o [6]
usb_device_init          0x800'1ae7    0x58  Code  Gb  usb_thr.o [8]
usb_disconnect           0x800'5b01    0x10  Code  Gb  at32f415_usb.o [3]
usb_ept0_setup           0x800'5ad5    0x1c  Code  Gb  at32f415_usb.o [3]
usb_ept0_start           0x800'5aa5    0x30  Code  Gb  at32f415_usb.o [3]
usb_ept_close            0x800'5943    0x60  Code  Gb  at32f415_usb.o [3]
usb_ept_default_init     0x800'5ddb    0xc0  Code  Gb  usbd_core.o [6]
usb_ept_in_clear         0x800'5a89     0xc  Code  Gb  at32f415_usb.o [3]
usb_ept_in_interrupt     0x800'5a57    0x26  Code  Gb  at32f415_usb.o [3]
usb_ept_open             0x800'57dd   0x166  Code  Gb  at32f415_usb.o [3]
usb_ept_out_clear        0x800'5a7d     0xc  Code  Gb  at32f415_usb.o [3]
usb_ept_out_interrupt    0x800'5a41    0x16  Code  Gb  at32f415_usb.o [3]
usb_ept_stall            0x800'59a3    0x76  Code  Gb  at32f415_usb.o [3]
usb_flush_rx_fifo        0x800'564d    0x24  Code  Gb  at32f415_usb.o [3]
usb_flush_tx_fifo        0x800'5619    0x34  Code  Gb  at32f415_usb.o [3]
usb_get_all_in_interrupt
                         0x800'5a2d    0x14  Code  Gb  at32f415_usb.o [3]
usb_get_all_out_interrupt
                         0x800'5a19    0x14  Code  Gb  at32f415_usb.o [3]
usb_global_clear_interrupt
                         0x800'569b     0x4  Code  Gb  at32f415_usb.o [3]
usb_global_get_all_interrupt
                         0x800'5691     0xa  Code  Gb  at32f415_usb.o [3]
usb_global_init          0x800'55e3    0x30  Code  Gb  at32f415_usb.o [3]
usb_global_interrupt_enable
                         0x800'5675    0x1c  Code  Gb  at32f415_usb.o [3]
usb_global_reset         0x800'55ad    0x36  Code  Gb  at32f415_usb.o [3]
usb_global_select_core   0x800'5613     0x6  Code  Gb  at32f415_usb.o [3]
usb_global_set_mode      0x800'5715    0x54  Code  Gb  at32f415_usb.o [3]
usb_gpio_config          0x800'1a53    0x44  Code  Gb  usb_thr.o [8]
usb_interrupt_disable    0x800'56ab     0xc  Code  Gb  at32f415_usb.o [3]
usb_interrupt_enable     0x800'569f     0xc  Code  Gb  at32f415_usb.o [3]
usb_open_phy_clk         0x800'5777     0xe  Code  Gb  at32f415_usb.o [3]
usb_read_packet          0x800'57b7    0x26  Code  Gb  at32f415_usb.o [3]
usb_set_address          0x800'5a95    0x10  Code  Gb  at32f415_usb.o [3]
usb_set_rx_fifo          0x800'56b7     0x6  Code  Gb  at32f415_usb.o [3]
usb_set_tx_fifo          0x800'56bd    0x58  Code  Gb  at32f415_usb.o [3]
usb_stop_phy_clk         0x800'5769     0xe  Code  Gb  at32f415_usb.o [3]
usb_suspend_status_get   0x800'5b11     0xc  Code  Gb  at32f415_usb.o [3]
usb_task                 0x800'1b83    0x2e  Code  Gb  usb_thr.o [8]
usb_write_empty_txfifo   0x800'3cff    0x9c  Code  Gb  usbd_int.o [6]
usb_write_packet         0x800'5785    0x32  Code  Gb  at32f415_usb.o [3]
usbd_connect             0x800'5dc7     0xa  Code  Gb  usbd_core.o [6]
usbd_core_in_handler     0x800'5b1d    0xe0  Code  Gb  usbd_core.o [6]
usbd_core_init           0x800'60e7   0x13a  Code  Gb  usbd_core.o [6]
usbd_core_out_handler    0x800'5bfd    0x7a  Code  Gb  usbd_core.o [6]
usbd_core_setup_handler
                         0x800'5c77    0x26  Code  Gb  usbd_core.o [6]
usbd_ctrl_recv           0x800'5cc3    0x26  Code  Gb  usbd_core.o [6]
usbd_ctrl_recv_status    0x800'5cfd    0x14  Code  Gb  usbd_core.o [6]
usbd_ctrl_send           0x800'5c9d    0x26  Code  Gb  usbd_core.o [6]
usbd_ctrl_send_status    0x800'5ce9    0x14  Code  Gb  usbd_core.o [6]
usbd_disconnect          0x800'5dd1     0xa  Code  Gb  usbd_core.o [6]
usbd_enter_suspend       0x800'6095    0x16  Code  Gb  usbd_core.o [6]
usbd_enumdone_handler    0x800'3ed9    0x4a  Code  Gb  usbd_int.o [6]
usbd_ept_close           0x800'5d9b    0x2c  Code  Gb  usbd_core.o [6]
usbd_ept_open            0x800'5d5b    0x40  Code  Gb  usbd_core.o [6]
usbd_ept_recv            0x800'5fc9    0xcc  Code  Gb  usbd_core.o [6]
usbd_ept_send            0x800'5e9b   0x12e  Code  Gb  usbd_core.o [6]
usbd_fifo_alloc          0x800'60ab    0x3c  Code  Gb  usbd_core.o [6]
usbd_get_recv_len        0x800'5d49    0x12  Code  Gb  usbd_core.o [6]
usbd_incomisioin_handler
                         0x800'3faf    0x14  Code  Gb  usbd_int.o [6]
usbd_incomisoout_handler
                         0x800'3f9b    0x14  Code  Gb  usbd_int.o [6]
usbd_inept_handler       0x800'3d9b    0xa8  Code  Gb  usbd_int.o [6]
usbd_init                0x800'3683    0x5c  Code  Gb  usb_core.o [6]
usbd_int_to_unicode      0x800'81bd    0x4e  Code  Lc  cdc_desc.o [5]
usbd_irq_handler         0x800'3c35    0xca  Code  Gb  usbd_int.o [6]
usbd_outept_handler      0x800'3e43    0x96  Code  Gb  usbd_int.o [6]
usbd_reset_handler       0x800'3fc3    0xc0  Code  Gb  usbd_int.o [6]
usbd_rxflvl_handler      0x800'3f23    0x78  Code  Gb  usbd_int.o [6]
usbd_set_stall           0x800'5d11    0x38  Code  Gb  usbd_core.o [6]
usbd_setup_request_parse
                         0x800'69bd    0x28  Code  Gb  usbd_sdr.o [6]
usbd_sof_handler         0x800'4083    0x12  Code  Gb  usbd_int.o [6]
usbd_suspend_handler     0x800'4095    0x38  Code  Gb  usbd_int.o [6]
usbd_unicode_convert     0x800'8185    0x38  Code  Lc  cdc_desc.o [5]
usbd_usbx_class_handler
                        0x2000'00c8    0x28  Data  Gb  usbd_usbx_class.o [7]
usbd_wakeup_handler      0x800'40cd    0x36  Code  Gb  usbd_int.o [6]
usbx_cdc_acm_instance    0x800'3627     0x6  Code  Gb  usbx_app.o [7]
usbx_cdc_configured      0x800'34fd    0x16  Code  Gb  usbx_cdc.o [7]
usbx_cdc_read            0x800'3561    0x48  Code  Gb  usbx_cdc.o [7]
usbx_cdc_write           0x800'3519    0x48  Code  Gb  usbx_cdc.o [7]
usbx_clear               0x800'8f85     0x4  Code  Lc  usbd_usbx_class.o [7]
usbx_dcd_register        0x800'361b     0xc  Code  Gb  usbx_app.o [7]
usbx_descriptors_init    0x800'51c5     0x4  Code  Gb  usbx_descriptors.o [7]
usbx_device_framework    0x800'91f4    0x58  Data  Lc  usbx_descriptors.o [7]
usbx_device_framework_get
                         0x800'51ad     0xc  Code  Gb  usbx_descriptors.o [7]
usbx_ept0_rx             0x800'8f97     0xa  Code  Lc  usbd_usbx_class.o [7]
usbx_ept0_tx             0x800'8f8d     0xa  Code  Lc  usbd_usbx_class.o [7]
usbx_event               0x800'8fbd    0x38  Code  Lc  usbd_usbx_class.o [7]
usbx_in                  0x800'8fa1     0xc  Code  Lc  usbd_usbx_class.o [7]
usbx_init                0x800'8f81     0x4  Code  Lc  usbd_usbx_class.o [7]
usbx_language_id_framework
                        0x2000'01ac     0x2  Data  Lc  usbx_descriptors.o [7]
usbx_language_id_framework_get
                         0x800'51b9     0xc  Code  Gb  usbx_descriptors.o [7]
usbx_memory             0x2000'01b4  0x3000  Data  Lc  usbx_app.o [7]
usbx_out                 0x800'8fad     0xc  Code  Lc  usbd_usbx_class.o [7]
usbx_setup               0x800'8f89     0x4  Code  Lc  usbd_usbx_class.o [7]
usbx_sof                 0x800'8fb9     0x4  Code  Lc  usbd_usbx_class.o [7]
usbx_stack_init_pre_hw   0x800'35af    0x6c  Code  Gb  usbx_app.o [7]
usbx_string_framework   0x2000'6578    0x80  Data  Lc  usbx_descriptors.o [7]
ux_dcd_at32_ep0_rx_complete
                         0x800'3929    0x62  Code  Gb  ux_dcd_at32.o [7]
ux_dcd_at32_ep0_tx_complete
                         0x800'38ed    0x3c  Code  Gb  ux_dcd_at32.o [7]
ux_dcd_at32_in_complete
                         0x800'398b    0x4c  Code  Gb  ux_dcd_at32.o [7]
ux_dcd_at32_initialize_complete
                         0x800'37cb    0x84  Code  Gb  ux_dcd_at32.o [7]
ux_dcd_at32_out_complete
                         0x800'39d7    0x46  Code  Gb  ux_dcd_at32.o [7]
ux_dcd_at32_setup_handler
                         0x800'384f    0x9e  Code  Gb  ux_dcd_at32.o [7]
vp_desc                 0x2000'685c     0x8  Data  Lc  cdc_desc.o [5]


[1] = D:\proj\cc1101_prj\radio_extender\radio_extender\Obj\bsp_16015383911061377078.dir
[2] = D:\proj\cc1101_prj\radio_extender\radio_extender\Obj\cmsis_10847856019631765829.dir
[3] = D:\proj\cc1101_prj\radio_extender\radio_extender\Obj\firmware_5522153464374988555.dir
[4] = D:\proj\cc1101_prj\radio_extender\radio_extender\Obj\threadx_2513977168360959821.dir
[5] = D:\proj\cc1101_prj\radio_extender\radio_extender\Obj\usbd_class_16939851827128964152.dir
[6] = D:\proj\cc1101_prj\radio_extender\radio_extender\Obj\usbd_driver_508819642173202916.dir
[7] = D:\proj\cc1101_prj\radio_extender\radio_extender\Obj\usbx_16887682971491423727.dir
[8] = D:\proj\cc1101_prj\radio_extender\radio_extender\Obj\user_8514941877209965082.dir
[9] = dl7M_tlf.a
[10] = rt7M_tl.a

  38'388 bytes of readonly  code memory
   1'386 bytes of readonly  data memory
  31'006 bytes of readwrite data memory

Errors: none
Warnings: none
